Archive member included to satisfy reference by file (symbol)

e:/stm32new/plugins/fr.ac6.mcu.externaltools.arm-none.win32_1.17.0.201812190825/tools/compiler/bin/../lib/gcc/arm-none-eabi/7.3.1/../../../../arm-none-eabi/lib/thumb/v7-m\libc_nano.a(lib_a-exit.o)
                              e:/stm32new/plugins/fr.ac6.mcu.externaltools.arm-none.win32_1.17.0.201812190825/tools/compiler/bin/../lib/gcc/arm-none-eabi/7.3.1/../../../../arm-none-eabi/lib/thumb/v7-m/crt0.o (exit)
e:/stm32new/plugins/fr.ac6.mcu.externaltools.arm-none.win32_1.17.0.201812190825/tools/compiler/bin/../lib/gcc/arm-none-eabi/7.3.1/../../../../arm-none-eabi/lib/thumb/v7-m\libc_nano.a(lib_a-impure.o)
                              e:/stm32new/plugins/fr.ac6.mcu.externaltools.arm-none.win32_1.17.0.201812190825/tools/compiler/bin/../lib/gcc/arm-none-eabi/7.3.1/../../../../arm-none-eabi/lib/thumb/v7-m\libc_nano.a(lib_a-exit.o) (_global_impure_ptr)
e:/stm32new/plugins/fr.ac6.mcu.externaltools.arm-none.win32_1.17.0.201812190825/tools/compiler/bin/../lib/gcc/arm-none-eabi/7.3.1/../../../../arm-none-eabi/lib/thumb/v7-m\libc_nano.a(lib_a-init.o)
                              e:/stm32new/plugins/fr.ac6.mcu.externaltools.arm-none.win32_1.17.0.201812190825/tools/compiler/bin/../lib/gcc/arm-none-eabi/7.3.1/../../../../arm-none-eabi/lib/thumb/v7-m/crt0.o (__libc_init_array)
e:/stm32new/plugins/fr.ac6.mcu.externaltools.arm-none.win32_1.17.0.201812190825/tools/compiler/bin/../lib/gcc/arm-none-eabi/7.3.1/../../../../arm-none-eabi/lib/thumb/v7-m\libc_nano.a(lib_a-memset.o)
                              e:/stm32new/plugins/fr.ac6.mcu.externaltools.arm-none.win32_1.17.0.201812190825/tools/compiler/bin/../lib/gcc/arm-none-eabi/7.3.1/../../../../arm-none-eabi/lib/thumb/v7-m/crt0.o (memset)
e:/stm32new/plugins/fr.ac6.mcu.externaltools.arm-none.win32_1.17.0.201812190825/tools/compiler/bin/../lib/gcc/arm-none-eabi/7.3.1/../../../../arm-none-eabi/lib/thumb/v7-m\libnosys.a(_exit.o)
                              e:/stm32new/plugins/fr.ac6.mcu.externaltools.arm-none.win32_1.17.0.201812190825/tools/compiler/bin/../lib/gcc/arm-none-eabi/7.3.1/../../../../arm-none-eabi/lib/thumb/v7-m\libc_nano.a(lib_a-exit.o) (_exit)

Allocating common symbols
Common symbol       size              file

uwTick              0x4               Drivers/STM32L1xx_HAL_Driver/Src/stm32l1xx_hal.o
pFlash              0x18              Drivers/STM32L1xx_HAL_Driver/Src/stm32l1xx_hal_flash.o
htim6               0x38              Src/main.o

Discarded input sections

 .text          0x00000000        0x0 e:/stm32new/plugins/fr.ac6.mcu.externaltools.arm-none.win32_1.17.0.201812190825/tools/compiler/bin/../lib/gcc/arm-none-eabi/7.3.1/thumb/v7-m/crti.o
 .data          0x00000000        0x0 e:/stm32new/plugins/fr.ac6.mcu.externaltools.arm-none.win32_1.17.0.201812190825/tools/compiler/bin/../lib/gcc/arm-none-eabi/7.3.1/thumb/v7-m/crti.o
 .bss           0x00000000        0x0 e:/stm32new/plugins/fr.ac6.mcu.externaltools.arm-none.win32_1.17.0.201812190825/tools/compiler/bin/../lib/gcc/arm-none-eabi/7.3.1/thumb/v7-m/crti.o
 .data          0x00000000        0x4 e:/stm32new/plugins/fr.ac6.mcu.externaltools.arm-none.win32_1.17.0.201812190825/tools/compiler/bin/../lib/gcc/arm-none-eabi/7.3.1/thumb/v7-m/crtbegin.o
 .text          0x00000000       0x74 e:/stm32new/plugins/fr.ac6.mcu.externaltools.arm-none.win32_1.17.0.201812190825/tools/compiler/bin/../lib/gcc/arm-none-eabi/7.3.1/../../../../arm-none-eabi/lib/thumb/v7-m/crt0.o
 .data          0x00000000        0x0 e:/stm32new/plugins/fr.ac6.mcu.externaltools.arm-none.win32_1.17.0.201812190825/tools/compiler/bin/../lib/gcc/arm-none-eabi/7.3.1/../../../../arm-none-eabi/lib/thumb/v7-m/crt0.o
 .bss           0x00000000        0x0 e:/stm32new/plugins/fr.ac6.mcu.externaltools.arm-none.win32_1.17.0.201812190825/tools/compiler/bin/../lib/gcc/arm-none-eabi/7.3.1/../../../../arm-none-eabi/lib/thumb/v7-m/crt0.o
 .ARM.extab     0x00000000        0x0 e:/stm32new/plugins/fr.ac6.mcu.externaltools.arm-none.win32_1.17.0.201812190825/tools/compiler/bin/../lib/gcc/arm-none-eabi/7.3.1/../../../../arm-none-eabi/lib/thumb/v7-m/crt0.o
 .ARM.exidx     0x00000000        0x8 e:/stm32new/plugins/fr.ac6.mcu.externaltools.arm-none.win32_1.17.0.201812190825/tools/compiler/bin/../lib/gcc/arm-none-eabi/7.3.1/../../../../arm-none-eabi/lib/thumb/v7-m/crt0.o
 .ARM.attributes
                0x00000000       0x1b e:/stm32new/plugins/fr.ac6.mcu.externaltools.arm-none.win32_1.17.0.201812190825/tools/compiler/bin/../lib/gcc/arm-none-eabi/7.3.1/../../../../arm-none-eabi/lib/thumb/v7-m/crt0.o
 .group         0x00000000        0xc Drivers/STM32L1xx_HAL_Driver/Src/stm32l1xx_hal.o
 .group         0x00000000        0xc Drivers/STM32L1xx_HAL_Driver/Src/stm32l1xx_hal.o
 .group         0x00000000        0xc Drivers/STM32L1xx_HAL_Driver/Src/stm32l1xx_hal.o
 .group         0x00000000        0xc Drivers/STM32L1xx_HAL_Driver/Src/stm32l1xx_hal.o
[...]
Memory Configuration

Name             Origin             Length             Attributes
RAM              0x20000000         0x00004000         xrw
FLASH            0x08000000         0x00040000         xr
*default*        0x00000000         0xffffffff

Linker script and memory map

LOAD e:/stm32new/plugins/fr.ac6.mcu.externaltools.arm-none.win32_1.17.0.201812190825/tools/compiler/bin/../lib/gcc/arm-none-eabi/7.3.1/thumb/v7-m/crti.o
LOAD e:/stm32new/plugins/fr.ac6.mcu.externaltools.arm-none.win32_1.17.0.201812190825/tools/compiler/bin/../lib/gcc/arm-none-eabi/7.3.1/thumb/v7-m/crtbegin.o
LOAD e:/stm32new/plugins/fr.ac6.mcu.externaltools.arm-none.win32_1.17.0.201812190825/tools/compiler/bin/../lib/gcc/arm-none-eabi/7.3.1/../../../../arm-none-eabi/lib/thumb/v7-m/crt0.o
LOAD Drivers/STM32L1xx_HAL_Driver/Src/stm32l1xx_hal.o
LOAD Drivers/STM32L1xx_HAL_Driver/Src/stm32l1xx_hal_cortex.o
LOAD Drivers/STM32L1xx_HAL_Driver/Src/stm32l1xx_hal_dma.o
LOAD Drivers/STM32L1xx_HAL_Driver/Src/stm32l1xx_hal_flash.o
LOAD Drivers/STM32L1xx_HAL_Driver/Src/stm32l1xx_hal_flash_ex.o
LOAD Drivers/STM32L1xx_HAL_Driver/Src/stm32l1xx_hal_flash_ramfunc.o
LOAD Drivers/STM32L1xx_HAL_Driver/Src/stm32l1xx_hal_gpio.o
LOAD Drivers/STM32L1xx_HAL_Driver/Src/stm32l1xx_hal_pwr.o
LOAD Drivers/STM32L1xx_HAL_Driver/Src/stm32l1xx_hal_pwr_ex.o
LOAD Drivers/STM32L1xx_HAL_Driver/Src/stm32l1xx_hal_rcc.o
LOAD Drivers/STM32L1xx_HAL_Driver/Src/stm32l1xx_hal_rcc_ex.o
LOAD Drivers/STM32L1xx_HAL_Driver/Src/stm32l1xx_hal_tim.o
LOAD Drivers/STM32L1xx_HAL_Driver/Src/stm32l1xx_hal_tim_ex.o
LOAD Src/main.o
LOAD Src/stm32l1xx_hal_msp.o
LOAD Src/stm32l1xx_it.o
LOAD Src/system_stm32l1xx.o
LOAD startup/startup_stm32l100xc.o
LOAD e:/stm32new/plugins/fr.ac6.mcu.externaltools.arm-none.win32_1.17.0.201812190825/tools/compiler/bin/../lib/gcc/arm-none-eabi/7.3.1/../../../../arm-none-eabi/lib/thumb/v7-m\libm.a
START GROUP
LOAD e:/stm32new/plugins/fr.ac6.mcu.externaltools.arm-none.win32_1.17.0.201812190825/tools/compiler/bin/../lib/gcc/arm-none-eabi/7.3.1/thumb/v7-m\libgcc.a
LOAD e:/stm32new/plugins/fr.ac6.mcu.externaltools.arm-none.win32_1.17.0.201812190825/tools/compiler/bin/../lib/gcc/arm-none-eabi/7.3.1/../../../../arm-none-eabi/lib/thumb/v7-m\libc_nano.a
END GROUP
START GROUP
LOAD e:/stm32new/plugins/fr.ac6.mcu.externaltools.arm-none.win32_1.17.0.201812190825/tools/compiler/bin/../lib/gcc/arm-none-eabi/7.3.1/thumb/v7-m\libgcc.a
LOAD e:/stm32new/plugins/fr.ac6.mcu.externaltools.arm-none.win32_1.17.0.201812190825/tools/compiler/bin/../lib/gcc/arm-none-eabi/7.3.1/../../../../arm-none-eabi/lib/thumb/v7-m\libc_nano.a
LOAD e:/stm32new/plugins/fr.ac6.mcu.externaltools.arm-none.win32_1.17.0.201812190825/tools/compiler/bin/../lib/gcc/arm-none-eabi/7.3.1/../../../../arm-none-eabi/lib/thumb/v7-m\libnosys.a
END GROUP
START GROUP
LOAD e:/stm32new/plugins/fr.ac6.mcu.externaltools.arm-none.win32_1.17.0.201812190825/tools/compiler/bin/../lib/gcc/arm-none-eabi/7.3.1/thumb/v7-m\libgcc.a
LOAD e:/stm32new/plugins/fr.ac6.mcu.externaltools.arm-none.win32_1.17.0.201812190825/tools/compiler/bin/../lib/gcc/arm-none-eabi/7.3.1/../../../../arm-none-eabi/lib/thumb/v7-m\libc_nano.a
LOAD e:/stm32new/plugins/fr.ac6.mcu.externaltools.arm-none.win32_1.17.0.201812190825/tools/compiler/bin/../lib/gcc/arm-none-eabi/7.3.1/../../../../arm-none-eabi/lib/thumb/v7-m\libnosys.a
END GROUP
LOAD e:/stm32new/plugins/fr.ac6.mcu.externaltools.arm-none.win32_1.17.0.201812190825/tools/compiler/bin/../lib/gcc/arm-none-eabi/7.3.1/thumb/v7-m/crtend.o
LOAD e:/stm32new/plugins/fr.ac6.mcu.externaltools.arm-none.win32_1.17.0.201812190825/tools/compiler/bin/../lib/gcc/arm-none-eabi/7.3.1/thumb/v7-m/crtn.o
                0x20004000                _estack = 0x20004000
                0x00000200                _Min_Heap_Size = 0x200
                0x00000400                _Min_Stack_Size = 0x400

.isr_vector     0x08000000      0x13c
                0x08000000                . = ALIGN (0x4)
 *(.isr_vector)
 .isr_vector    0x08000000      0x13c startup/startup_stm32l100xc.o
                0x08000000                g_pfnVectors
                0x0800013c                . = ALIGN (0x4)

.text           0x0800013c     0x138c
                0x0800013c                . = ALIGN (0x4)
 *(.text)
 .text          0x0800013c       0x40 e:/stm32new/plugins/fr.ac6.mcu.externaltools.arm-none.win32_1.17.0.201812190825/tools/compiler/bin/../lib/gcc/arm-none-eabi/7.3.1/thumb/v7-m/crtbegin.o
 *(.text*)
 .text.HAL_InitTick
                0x0800017c       0x2c Drivers/STM32L1xx_HAL_Driver/Src/stm32l1xx_hal.o
                0x0800017c                HAL_InitTick
 .text.HAL_Init
                0x080001a8       0x16 Drivers/STM32L1xx_HAL_Driver/Src/stm32l1xx_hal.o
                0x080001a8                HAL_Init
 *fill*         0x080001be        0x2 
 .text.HAL_IncTick
                0x080001c0       0x10 Drivers/STM32L1xx_HAL_Driver/Src/stm32l1xx_hal.o
                0x080001c0                HAL_IncTick
 .text.HAL_GetTick
                0x080001d0        0xc Drivers/STM32L1xx_HAL_Driver/Src/stm32l1xx_hal.o
                0x080001d0                HAL_GetTick
 .text.HAL_NVIC_SetPriorityGrouping
                0x080001dc       0x24 Drivers/STM32L1xx_HAL_Driver/Src/stm32l1xx_hal_cortex.o
                0x080001dc                HAL_NVIC_SetPriorityGrouping
 .text.HAL_NVIC_SetPriority
                0x08000200       0x68 Drivers/STM32L1xx_HAL_Driver/Src/stm32l1xx_hal_cortex.o
                0x08000200                HAL_NVIC_SetPriority
 .text.HAL_NVIC_EnableIRQ
                0x08000268       0x18 Drivers/STM32L1xx_HAL_Driver/Src/stm32l1xx_hal_cortex.o
                0x08000268                HAL_NVIC_EnableIRQ
 .text.HAL_SYSTICK_Config
                0x08000280       0x2c Drivers/STM32L1xx_HAL_Driver/Src/stm32l1xx_hal_cortex.o
                0x08000280                HAL_SYSTICK_Config
 .text.HAL_GPIO_Init
                0x080002ac      0x188 Drivers/STM32L1xx_HAL_Driver/Src/stm32l1xx_hal_gpio.o
                0x080002ac                HAL_GPIO_Init
 .text.HAL_GPIO_WritePin
                0x08000434        0xc Drivers/STM32L1xx_HAL_Driver/Src/stm32l1xx_hal_gpio.o
                0x08000434                HAL_GPIO_WritePin
 .text.HAL_GPIO_TogglePin
                0x08000440        0x8 Drivers/STM32L1xx_HAL_Driver/Src/stm32l1xx_hal_gpio.o
                0x08000440                HAL_GPIO_TogglePin
 .text.RCC_SetFlashLatencyFromMSIRange
                0x08000448       0x94 Drivers/STM32L1xx_HAL_Driver/Src/stm32l1xx_hal_rcc.o
 .text.HAL_RCC_OscConfig
                0x080004dc      0x78c Drivers/STM32L1xx_HAL_Driver/Src/stm32l1xx_hal_rcc.o
                0x080004dc                HAL_RCC_OscConfig
 .text.HAL_RCC_GetSysClockFreq
                0x08000c68       0x9c Drivers/STM32L1xx_HAL_Driver/Src/stm32l1xx_hal_rcc.o
                0x08000c68                HAL_RCC_GetSysClockFreq
 .text.HAL_RCC_ClockConfig
                0x08000d04      0x248 Drivers/STM32L1xx_HAL_Driver/Src/stm32l1xx_hal_rcc.o
                0x08000d04                HAL_RCC_ClockConfig
 .text.TIM_Base_SetConfig
                0x08000f4c       0x70 Drivers/STM32L1xx_HAL_Driver/Src/stm32l1xx_hal_tim.o
 .text.HAL_TIM_Base_Init
                0x08000fbc       0x32 Drivers/STM32L1xx_HAL_Driver/Src/stm32l1xx_hal_tim.o
                0x08000fbc                HAL_TIM_Base_Init
 .text.HAL_TIM_Base_Start_IT
                0x08000fee       0x18 Drivers/STM32L1xx_HAL_Driver/Src/stm32l1xx_hal_tim.o
                0x08000fee                HAL_TIM_Base_Start_IT
 .text.HAL_TIM_PeriodElapsedCallback
                0x08001006        0x2 Drivers/STM32L1xx_HAL_Driver/Src/stm32l1xx_hal_tim.o
                0x08001006                HAL_TIM_PeriodElapsedCallback
 .text.HAL_TIM_OC_DelayElapsedCallback
                0x08001008        0x2 Drivers/STM32L1xx_HAL_Driver/Src/stm32l1xx_hal_tim.o
                0x08001008                HAL_TIM_OC_DelayElapsedCallback
 .text.HAL_TIM_IC_CaptureCallback
                0x0800100a        0x2 Drivers/STM32L1xx_HAL_Driver/Src/stm32l1xx_hal_tim.o
                0x0800100a                HAL_TIM_IC_CaptureCallback
 .text.HAL_TIM_PWM_PulseFinishedCallback
                0x0800100c        0x2 Drivers/STM32L1xx_HAL_Driver/Src/stm32l1xx_hal_tim.o
                0x0800100c                HAL_TIM_PWM_PulseFinishedCallback
 .text.HAL_TIM_TriggerCallback
                0x0800100e        0x2 Drivers/STM32L1xx_HAL_Driver/Src/stm32l1xx_hal_tim.o
                0x0800100e                HAL_TIM_TriggerCallback
 .text.HAL_TIM_IRQHandler
                0x08001010      0x13a Drivers/STM32L1xx_HAL_Driver/Src/stm32l1xx_hal_tim.o
                0x08001010                HAL_TIM_IRQHandler
 .text.HAL_TIMEx_MasterConfigSynchronization
                0x0800114a       0x52 Drivers/STM32L1xx_HAL_Driver/Src/stm32l1xx_hal_tim_ex.o
                0x0800114a                HAL_TIMEx_MasterConfigSynchronization
 .text.MX_GPIO_Init
                0x0800119c       0xa4 Src/main.o
 .text.MX_TIM6_Init
                0x08001240       0x3c Src/main.o
 .text.SystemClock_Config
                0x0800127c       0x68 Src/main.o
                0x0800127c                SystemClock_Config
 .text.main     0x080012e4       0x20 Src/main.o
                0x080012e4                main
 .text.HAL_MspInit
                0x08001304       0x4c Src/stm32l1xx_hal_msp.o
                0x08001304                HAL_MspInit
 .text.HAL_TIM_Base_MspInit
                0x08001350       0x40 Src/stm32l1xx_hal_msp.o
                0x08001350                HAL_TIM_Base_MspInit
 .text.NMI_Handler
                0x08001390        0x2 Src/stm32l1xx_it.o
                0x08001390                NMI_Handler
 .text.HardFault_Handler
                0x08001392        0x2 Src/stm32l1xx_it.o
                0x08001392                HardFault_Handler
 .text.MemManage_Handler
                0x08001394        0x2 Src/stm32l1xx_it.o
                0x08001394                MemManage_Handler
 .text.BusFault_Handler
                0x08001396        0x2 Src/stm32l1xx_it.o
                0x08001396                BusFault_Handler
 .text.UsageFault_Handler
                0x08001398        0x2 Src/stm32l1xx_it.o
                0x08001398                UsageFault_Handler
 .text.SVC_Handler
                0x0800139a        0x2 Src/stm32l1xx_it.o
                0x0800139a                SVC_Handler
 .text.DebugMon_Handler
                0x0800139c        0x2 Src/stm32l1xx_it.o
                0x0800139c                DebugMon_Handler
 .text.PendSV_Handler
                0x0800139e        0x2 Src/stm32l1xx_it.o
                0x0800139e                PendSV_Handler
 .text.SysTick_Handler
                0x080013a0        0x8 Src/stm32l1xx_it.o
                0x080013a0                SysTick_Handler
 .text.TIM6_IRQHandler
                0x080013a8       0x1c Src/stm32l1xx_it.o
                0x080013a8                TIM6_IRQHandler
 .text.SystemInit
                0x080013c4       0x48 Src/system_stm32l1xx.o
                0x080013c4                SystemInit
 .text.Reset_Handler
                0x0800140c       0x48 startup/startup_stm32l100xc.o
                0x0800140c                Reset_Handler
 .text.Default_Handler
                0x08001454        0x2 startup/startup_stm32l100xc.o
                0x08001454                RTC_Alarm_IRQHandler
                0x08001454                EXTI2_IRQHandler
                0x08001454                COMP_ACQ_IRQHandler
                0x08001454                TIM10_IRQHandler
                0x08001454                USB_HP_IRQHandler
                0x08001454                PVD_IRQHandler
                0x08001454                EXTI3_IRQHandler
                0x08001454                EXTI0_IRQHandler
                0x08001454                I2C2_EV_IRQHandler
                0x08001454                SPI1_IRQHandler
                0x08001454                USB_FS_WKUP_IRQHandler
                0x08001454                DMA2_Channel2_IRQHandler
                0x08001454                DMA1_Channel4_IRQHandler
                0x08001454                ADC1_IRQHandler
                0x08001454                USART3_IRQHandler
                0x08001454                DMA1_Channel7_IRQHandler
                0x08001454                LCD_IRQHandler
                0x08001454                TIM4_IRQHandler
                0x08001454                DMA2_Channel1_IRQHandler
                0x08001454                I2C1_EV_IRQHandler
                0x08001454                DMA1_Channel6_IRQHandler
                0x08001454                DMA2_Channel4_IRQHandler
                0x08001454                TIM3_IRQHandler
                0x08001454                RCC_IRQHandler
                0x08001454                DMA1_Channel1_IRQHandler
                0x08001454                Default_Handler
                0x08001454                EXTI15_10_IRQHandler
                0x08001454                TIM7_IRQHandler
                0x08001454                EXTI9_5_IRQHandler
                0x08001454                TIM9_IRQHandler
                0x08001454                TAMPER_STAMP_IRQHandler
                0x08001454                RTC_WKUP_IRQHandler
                0x08001454                SPI2_IRQHandler
                0x08001454                DMA2_Channel5_IRQHandler
                0x08001454                DMA1_Channel5_IRQHandler
                0x08001454                USB_LP_IRQHandler
                0x08001454                EXTI4_IRQHandler
                0x08001454                DMA1_Channel3_IRQHandler
                0x08001454                COMP_IRQHandler
                0x08001454                WWDG_IRQHandler
                0x08001454                TIM2_IRQHandler
                0x08001454                DAC_IRQHandler
                0x08001454                EXTI1_IRQHandler
                0x08001454                TIM11_IRQHandler
                0x08001454                USART2_IRQHandler
                0x08001454                I2C2_ER_IRQHandler
                0x08001454                DMA1_Channel2_IRQHandler
                0x08001454                FLASH_IRQHandler
                0x08001454                USART1_IRQHandler
                0x08001454                SPI3_IRQHandler
                0x08001454                I2C1_ER_IRQHandler
                0x08001454                DMA2_Channel3_IRQHandler
 *fill*         0x08001456        0x2 
 .text.__libc_init_array
                0x08001458       0x48 e:/stm32new/plugins/fr.ac6.mcu.externaltools.arm-none.win32_1.17.0.201812190825/tools/compiler/bin/../lib/gcc/arm-none-eabi/7.3.1/../../../../arm-none-eabi/lib/thumb/v7-m\libc_nano.a(lib_a-init.o)
                0x08001458                __libc_init_array
 .text.memset   0x080014a0       0x10 e:/stm32new/plugins/fr.ac6.mcu.externaltools.arm-none.win32_1.17.0.201812190825/tools/compiler/bin/../lib/gcc/arm-none-eabi/7.3.1/../../../../arm-none-eabi/lib/thumb/v7-m\libc_nano.a(lib_a-memset.o)
                0x080014a0                memset
 *(.glue_7)
 .glue_7        0x080014b0        0x0 linker stubs
 *(.glue_7t)
 .glue_7t       0x080014b0        0x0 linker stubs
 *(.eh_frame)
 .eh_frame      0x080014b0        0x0 e:/stm32new/plugins/fr.ac6.mcu.externaltools.arm-none.win32_1.17.0.201812190825/tools/compiler/bin/../lib/gcc/arm-none-eabi/7.3.1/thumb/v7-m/crtbegin.o
 *(.init)
 .init          0x080014b0        0x4 e:/stm32new/plugins/fr.ac6.mcu.externaltools.arm-none.win32_1.17.0.201812190825/tools/compiler/bin/../lib/gcc/arm-none-eabi/7.3.1/thumb/v7-m/crti.o
                0x080014b0                _init
 .init          0x080014b4        0x8 e:/stm32new/plugins/fr.ac6.mcu.externaltools.arm-none.win32_1.17.0.201812190825/tools/compiler/bin/../lib/gcc/arm-none-eabi/7.3.1/thumb/v7-m/crtn.o
 *(.fini)
 .fini          0x080014bc        0x4 e:/stm32new/plugins/fr.ac6.mcu.externaltools.arm-none.win32_1.17.0.201812190825/tools/compiler/bin/../lib/gcc/arm-none-eabi/7.3.1/thumb/v7-m/crti.o
                0x080014bc                _fini
 .fini          0x080014c0        0x8 e:/stm32new/plugins/fr.ac6.mcu.externaltools.arm-none.win32_1.17.0.201812190825/tools/compiler/bin/../lib/gcc/arm-none-eabi/7.3.1/thumb/v7-m/crtn.o
                0x080014c8                . = ALIGN (0x4)
                0x080014c8                _etext = .

.vfp11_veneer   0x080014c8        0x0
 .vfp11_veneer  0x080014c8        0x0 linker stubs

.v4_bx          0x080014c8        0x0
 .v4_bx         0x080014c8        0x0 linker stubs

.iplt           0x080014c8        0x0
 .iplt          0x080014c8        0x0 e:/stm32new/plugins/fr.ac6.mcu.externaltools.arm-none.win32_1.17.0.201812190825/tools/compiler/bin/../lib/gcc/arm-none-eabi/7.3.1/thumb/v7-m/crtbegin.o

.rodata         0x080014c8       0x24
                0x080014c8                . = ALIGN (0x4)
 *(.rodata)
 .rodata        0x080014c8       0x24 Src/system_stm32l1xx.o
                0x080014c8                PLLMulTable
                0x080014d4                AHBPrescTable
                0x080014e4                APBPrescTable
 *(.rodata*)
                0x080014ec                . = ALIGN (0x4)

.rel.dyn        0x080014ec        0x0
 .rel.iplt      0x080014ec        0x0 e:/stm32new/plugins/fr.ac6.mcu.externaltools.arm-none.win32_1.17.0.201812190825/tools/compiler/bin/../lib/gcc/arm-none-eabi/7.3.1/thumb/v7-m/crtbegin.o

.ARM.extab
 *(.ARM.extab* .gnu.linkonce.armextab.*)

.ARM            0x080014ec        0x0
                0x080014ec                __exidx_start = .
 *(.ARM.exidx*)
                0x080014ec                __exidx_end = .

.preinit_array  0x080014ec        0x0
                0x080014ec                PROVIDE (__preinit_array_start = .)
 *(.preinit_array*)
                0x080014ec                PROVIDE (__preinit_array_end = .)

.init_array     0x080014ec        0x4
                0x080014ec                PROVIDE (__init_array_start = .)
 *(SORT_BY_NAME(.init_array.*))
 *(.init_array*)
 .init_array    0x080014ec        0x4 e:/stm32new/plugins/fr.ac6.mcu.externaltools.arm-none.win32_1.17.0.201812190825/tools/compiler/bin/../lib/gcc/arm-none-eabi/7.3.1/thumb/v7-m/crtbegin.o
                0x080014f0                PROVIDE (__init_array_end = .)

.fini_array     0x080014f0        0x4
                [!provide]                PROVIDE (__fini_array_start = .)
 *(SORT_BY_NAME(.fini_array.*))
 *(.fini_array*)
 .fini_array    0x080014f0        0x4 e:/stm32new/plugins/fr.ac6.mcu.externaltools.arm-none.win32_1.17.0.201812190825/tools/compiler/bin/../lib/gcc/arm-none-eabi/7.3.1/thumb/v7-m/crtbegin.o
                [!provide]                PROVIDE (__fini_array_end = .)
                0x080014f4                _sidata = LOADADDR (.data)

.data           0x20000000        0x4 load address 0x080014f4
                0x20000000                . = ALIGN (0x4)
                0x20000000                _sdata = .
 *(.data)
 .data          0x20000000        0x4 Src/system_stm32l1xx.o
                0x20000000                SystemCoreClock
 *(.data*)
                0x20000004                . = ALIGN (0x4)
                0x20000004                _edata = .

.igot.plt       0x20000004        0x0 load address 0x080014f8
 .igot.plt      0x20000004        0x0 e:/stm32new/plugins/fr.ac6.mcu.externaltools.arm-none.win32_1.17.0.201812190825/tools/compiler/bin/../lib/gcc/arm-none-eabi/7.3.1/thumb/v7-m/crtbegin.o
                0x20000004                . = ALIGN (0x4)

.bss            0x20000004       0x58 load address 0x080014f8
                0x20000004                _sbss = .
                0x20000004                __bss_start__ = _sbss
 *(.bss)
 .bss           0x20000004       0x1c e:/stm32new/plugins/fr.ac6.mcu.externaltools.arm-none.win32_1.17.0.201812190825/tools/compiler/bin/../lib/gcc/arm-none-eabi/7.3.1/thumb/v7-m/crtbegin.o
 *(.bss*)
 *(COMMON)
 COMMON         0x20000020        0x4 Drivers/STM32L1xx_HAL_Driver/Src/stm32l1xx_hal.o
                0x20000020                uwTick
 COMMON         0x20000024       0x38 Src/main.o
                0x20000024                htim6
                0x2000005c                . = ALIGN (0x4)
                0x2000005c                _ebss = .
                0x2000005c                __bss_end__ = _ebss

._user_heap_stack
                0x2000005c      0x604 load address 0x080014f8
                0x20000060                . = ALIGN (0x8)
 *fill*         0x2000005c        0x4 
                [!provide]                PROVIDE (end = .)
                [!provide]                PROVIDE (_end = .)
                0x20000260                . = (. + _Min_Heap_Size)
 *fill*         0x20000060      0x200 
                0x20000660                . = (. + _Min_Stack_Size)
 *fill*         0x20000260      0x400 
                0x20000660                . = ALIGN (0x8)

/DISCARD/
 libc.a(*)
 libm.a(*)
 libgcc.a(*)

.ARM.attributes
                0x00000000       0x29
 *(.ARM.attributes)
 .ARM.attributes
                0x00000000       0x1d e:/stm32new/plugins/fr.ac6.mcu.externaltools.arm-none.win32_1.17.0.201812190825/tools/compiler/bin/../lib/gcc/arm-none-eabi/7.3.1/thumb/v7-m/crti.o
 .ARM.attributes
                0x0000001d       0x2d e:/stm32new/plugins/fr.ac6.mcu.externaltools.arm-none.win32_1.17.0.201812190825/tools/compiler/bin/../lib/gcc/arm-none-eabi/7.3.1/thumb/v7-m/crtbegin.o
 .ARM.attributes
                0x0000004a       0x33 Drivers/STM32L1xx_HAL_Driver/Src/stm32l1xx_hal.o
 .ARM.attributes
                0x0000007d       0x33 Drivers/STM32L1xx_HAL_Driver/Src/stm32l1xx_hal_cortex.o
 .ARM.attributes
                0x000000b0       0x33 Drivers/STM32L1xx_HAL_Driver/Src/stm32l1xx_hal_gpio.o
 .ARM.attributes
                0x000000e3       0x33 Drivers/STM32L1xx_HAL_Driver/Src/stm32l1xx_hal_rcc.o
 .ARM.attributes
                0x00000116       0x33 Drivers/STM32L1xx_HAL_Driver/Src/stm32l1xx_hal_tim.o
 .ARM.attributes
                0x00000149       0x33 Drivers/STM32L1xx_HAL_Driver/Src/stm32l1xx_hal_tim_ex.o
 .ARM.attributes
                0x0000017c       0x33 Src/main.o
 .ARM.attributes
                0x000001af       0x33 Src/stm32l1xx_hal_msp.o
 .ARM.attributes
                0x000001e2       0x33 Src/stm32l1xx_it.o
 .ARM.attributes
                0x00000215       0x33 Src/system_stm32l1xx.o
 .ARM.attributes
                0x00000248       0x21 startup/startup_stm32l100xc.o
 .ARM.attributes
                0x00000269       0x2d e:/stm32new/plugins/fr.ac6.mcu.externaltools.arm-none.win32_1.17.0.201812190825/tools/compiler/bin/../lib/gcc/arm-none-eabi/7.3.1/../../../../arm-none-eabi/lib/thumb/v7-m\libc_nano.a(lib_a-init.o)
 .ARM.attributes
                0x00000296       0x2d e:/stm32new/plugins/fr.ac6.mcu.externaltools.arm-none.win32_1.17.0.201812190825/tools/compiler/bin/../lib/gcc/arm-none-eabi/7.3.1/../../../../arm-none-eabi/lib/thumb/v7-m\libc_nano.a(lib_a-memset.o)
 .ARM.attributes
                0x000002c3       0x1d e:/stm32new/plugins/fr.ac6.mcu.externaltools.arm-none.win32_1.17.0.201812190825/tools/compiler/bin/../lib/gcc/arm-none-eabi/7.3.1/thumb/v7-m/crtn.o
OUTPUT(blink.elf elf32-littlearm)

.debug_info     0x00000000     0xd8dd
 .debug_info    0x00000000      0xec4 Drivers/STM32L1xx_HAL_Driver/Src/stm32l1xx_hal.o
 .debug_info    0x00000ec4     0x16d2 Drivers/STM32L1xx_HAL_Driver/Src/stm32l1xx_hal_cortex.o
 .debug_info    0x00002596      0xea7 Drivers/STM32L1xx_HAL_Driver/Src/stm32l1xx_hal_gpio.o
 .debug_info    0x0000343d     0x1ec3 Drivers/STM32L1xx_HAL_Driver/Src/stm32l1xx_hal_rcc.o
 .debug_info    0x00005300     0x35a9 Drivers/STM32L1xx_HAL_Driver/Src/stm32l1xx_hal_tim.o
 .debug_info    0x000088a9      0xe9c Drivers/STM32L1xx_HAL_Driver/Src/stm32l1xx_hal_tim_ex.o
 .debug_info    0x00009745     0x140a Src/main.o
 .debug_info    0x0000ab4f     0x115f Src/stm32l1xx_hal_msp.o
 .debug_info    0x0000bcae      0xf97 Src/stm32l1xx_it.o
 .debug_info    0x0000cc45      0xc76 Src/system_stm32l1xx.o
 .debug_info    0x0000d8bb       0x22 startup/startup_stm32l100xc.o

.debug_abbrev   0x00000000     0x1a7f
 .debug_abbrev  0x00000000      0x2c9 Drivers/STM32L1xx_HAL_Driver/Src/stm32l1xx_hal.o
 .debug_abbrev  0x000002c9      0x3ba Drivers/STM32L1xx_HAL_Driver/Src/stm32l1xx_hal_cortex.o
 .debug_abbrev  0x00000683      0x2a7 Drivers/STM32L1xx_HAL_Driver/Src/stm32l1xx_hal_gpio.o
 .debug_abbrev  0x0000092a      0x352 Drivers/STM32L1xx_HAL_Driver/Src/stm32l1xx_hal_rcc.o
 .debug_abbrev  0x00000c7c      0x2cf Drivers/STM32L1xx_HAL_Driver/Src/stm32l1xx_hal_tim.o
 .debug_abbrev  0x00000f4b      0x1fc Drivers/STM32L1xx_HAL_Driver/Src/stm32l1xx_hal_tim_ex.o
 .debug_abbrev  0x00001147      0x2b7 Src/main.o
 .debug_abbrev  0x000013fe      0x243 Src/stm32l1xx_hal_msp.o
 .debug_abbrev  0x00001641      0x227 Src/stm32l1xx_it.o
 .debug_abbrev  0x00001868      0x205 Src/system_stm32l1xx.o
 .debug_abbrev  0x00001a6d       0x12 startup/startup_stm32l100xc.o

.debug_loc      0x00000000     0x4cc1
 .debug_loc     0x00000000       0x6a Drivers/STM32L1xx_HAL_Driver/Src/stm32l1xx_hal.o
 .debug_loc     0x0000006a      0x5ce Drivers/STM32L1xx_HAL_Driver/Src/stm32l1xx_hal_cortex.o
 .debug_loc     0x00000638      0x38d Drivers/STM32L1xx_HAL_Driver/Src/stm32l1xx_hal_gpio.o
 .debug_loc     0x000009c5      0xb22 Drivers/STM32L1xx_HAL_Driver/Src/stm32l1xx_hal_rcc.o
 .debug_loc     0x000014e7     0x3550 Drivers/STM32L1xx_HAL_Driver/Src/stm32l1xx_hal_tim.o
 .debug_loc     0x00004a37       0xa0 Drivers/STM32L1xx_HAL_Driver/Src/stm32l1xx_hal_tim_ex.o
 .debug_loc     0x00004ad7       0x5b Src/stm32l1xx_hal_msp.o
 .debug_loc     0x00004b32      0x18f Src/system_stm32l1xx.o

.debug_aranges  0x00000000      0x6f8
 .debug_aranges
                0x00000000       0xb0 Drivers/STM32L1xx_HAL_Driver/Src/stm32l1xx_hal.o
 .debug_aranges
                0x000000b0       0xa8 Drivers/STM32L1xx_HAL_Driver/Src/stm32l1xx_hal_cortex.o
 .debug_aranges
                0x00000158       0x58 Drivers/STM32L1xx_HAL_Driver/Src/stm32l1xx_hal_gpio.o
 .debug_aranges
                0x000001b0       0x90 Drivers/STM32L1xx_HAL_Driver/Src/stm32l1xx_hal_rcc.o
 .debug_aranges
                0x00000240      0x368 Drivers/STM32L1xx_HAL_Driver/Src/stm32l1xx_hal_tim.o
 .debug_aranges
                0x000005a8       0x28 Drivers/STM32L1xx_HAL_Driver/Src/stm32l1xx_hal_tim_ex.o
 .debug_aranges
                0x000005d0       0x40 Src/main.o
 .debug_aranges
                0x00000610       0x30 Src/stm32l1xx_hal_msp.o
 .debug_aranges
                0x00000640       0x68 Src/stm32l1xx_it.o
 .debug_aranges
                0x000006a8       0x28 Src/system_stm32l1xx.o
 .debug_aranges
                0x000006d0       0x28 startup/startup_stm32l100xc.o

.debug_ranges   0x00000000      0x6c8
 .debug_ranges  0x00000000       0xa0 Drivers/STM32L1xx_HAL_Driver/Src/stm32l1xx_hal.o
 .debug_ranges  0x000000a0       0xf8 Drivers/STM32L1xx_HAL_Driver/Src/stm32l1xx_hal_cortex.o
 .debug_ranges  0x00000198       0x48 Drivers/STM32L1xx_HAL_Driver/Src/stm32l1xx_hal_gpio.o
 .debug_ranges  0x000001e0       0x98 Drivers/STM32L1xx_HAL_Driver/Src/stm32l1xx_hal_rcc.o
 .debug_ranges  0x00000278      0x358 Drivers/STM32L1xx_HAL_Driver/Src/stm32l1xx_hal_tim.o
 .debug_ranges  0x000005d0       0x18 Drivers/STM32L1xx_HAL_Driver/Src/stm32l1xx_hal_tim_ex.o
 .debug_ranges  0x000005e8       0x30 Src/main.o
 .debug_ranges  0x00000618       0x20 Src/stm32l1xx_hal_msp.o
 .debug_ranges  0x00000638       0x58 Src/stm32l1xx_it.o
 .debug_ranges  0x00000690       0x18 Src/system_stm32l1xx.o
 .debug_ranges  0x000006a8       0x20 startup/startup_stm32l100xc.o

.debug_macro    0x00000000    0x159ab
 .debug_macro   0x00000000      0x303 Drivers/STM32L1xx_HAL_Driver/Src/stm32l1xx_hal.o
 .debug_macro   0x00000303      0xa60 Drivers/STM32L1xx_HAL_Driver/Src/stm32l1xx_hal.o
 .debug_macro   0x00000d63       0x88 Drivers/STM32L1xx_HAL_Driver/Src/stm32l1xx_hal.o
 .debug_macro   0x00000deb       0x2e Drivers/STM32L1xx_HAL_Driver/Src/stm32l1xx_hal.o
 .debug_macro   0x00000e19       0x22 Drivers/STM32L1xx_HAL_Driver/Src/stm32l1xx_hal.o
 .debug_macro   0x00000e3b       0x22 Drivers/STM32L1xx_HAL_Driver/Src/stm32l1xx_hal.o
 .debug_macro   0x00000e5d       0x8e Drivers/STM32L1xx_HAL_Driver/Src/stm32l1xx_hal.o
 .debug_macro   0x00000eeb       0x51 Drivers/STM32L1xx_HAL_Driver/Src/stm32l1xx_hal.o
 .debug_macro   0x00000f3c       0xef Drivers/STM32L1xx_HAL_Driver/Src/stm32l1xx_hal.o
 .debug_macro   0x0000102b       0x6a Drivers/STM32L1xx_HAL_Driver/Src/stm32l1xx_hal.o
 .debug_macro   0x00001095      0x1df Drivers/STM32L1xx_HAL_Driver/Src/stm32l1xx_hal.o
 .debug_macro   0x00001274       0x34 Drivers/STM32L1xx_HAL_Driver/Src/stm32l1xx_hal.o
 .debug_macro   0x000012a8       0x34 Drivers/STM32L1xx_HAL_Driver/Src/stm32l1xx_hal.o
 .debug_macro   0x000012dc      0xcb4 Drivers/STM32L1xx_HAL_Driver/Src/stm32l1xx_hal.o
 .debug_macro   0x00001f90     0xb5cc Drivers/STM32L1xx_HAL_Driver/Src/stm32l1xx_hal.o
 .debug_macro   0x0000d55c       0x43 Drivers/STM32L1xx_HAL_Driver/Src/stm32l1xx_hal.o
 .debug_macro   0x0000d59f     0x342b Drivers/STM32L1xx_HAL_Driver/Src/stm32l1xx_hal.o
 .debug_macro   0x000109ca       0x5e Drivers/STM32L1xx_HAL_Driver/Src/stm32l1xx_hal.o
 .debug_macro   0x00010a28       0x18 Drivers/STM32L1xx_HAL_Driver/Src/stm32l1xx_hal.o
 .debug_macro   0x00010a40       0x35 Drivers/STM32L1xx_HAL_Driver/Src/stm32l1xx_hal.o
 .debug_macro   0x00010a75       0x34 Drivers/STM32L1xx_HAL_Driver/Src/stm32l1xx_hal.o
 .debug_macro   0x00010aa9       0x16 Drivers/STM32L1xx_HAL_Driver/Src/stm32l1xx_hal.o
 .debug_macro   0x00010abf       0x97 Drivers/STM32L1xx_HAL_Driver/Src/stm32l1xx_hal.o
 .debug_macro   0x00010b56      0x330 Drivers/STM32L1xx_HAL_Driver/Src/stm32l1xx_hal.o
 .debug_macro   0x00010e86       0xfd Drivers/STM32L1xx_HAL_Driver/Src/stm32l1xx_hal.o
 .debug_macro   0x00010f83       0x10 Drivers/STM32L1xx_HAL_Driver/Src/stm32l1xx_hal.o
 .debug_macro   0x00010f93       0x58 Drivers/STM32L1xx_HAL_Driver/Src/stm32l1xx_hal.o
 .debug_macro   0x00010feb       0x1f Drivers/STM32L1xx_HAL_Driver/Src/stm32l1xx_hal.o
 .debug_macro   0x0001100a       0x43 Drivers/STM32L1xx_HAL_Driver/Src/stm32l1xx_hal.o
 .debug_macro   0x0001104d       0x20 Drivers/STM32L1xx_HAL_Driver/Src/stm32l1xx_hal.o
 .debug_macro   0x0001106d      0x18e Drivers/STM32L1xx_HAL_Driver/Src/stm32l1xx_hal.o
 .debug_macro   0x000111fb       0x10 Drivers/STM32L1xx_HAL_Driver/Src/stm32l1xx_hal.o
 .debug_macro   0x0001120b       0x1c Drivers/STM32L1xx_HAL_Driver/Src/stm32l1xx_hal.o
 .debug_macro   0x00011227       0x52 Drivers/STM32L1xx_HAL_Driver/Src/stm32l1xx_hal.o
 .debug_macro   0x00011279       0x40 Drivers/STM32L1xx_HAL_Driver/Src/stm32l1xx_hal.o
 .debug_macro   0x000112b9       0x10 Drivers/STM32L1xx_HAL_Driver/Src/stm32l1xx_hal.o
 .debug_macro   0x000112c9       0x40 Drivers/STM32L1xx_HAL_Driver/Src/stm32l1xx_hal.o
 .debug_macro   0x00011309       0xd7 Drivers/STM32L1xx_HAL_Driver/Src/stm32l1xx_hal.o
 .debug_macro   0x000113e0       0x1c Drivers/STM32L1xx_HAL_Driver/Src/stm32l1xx_hal.o
 .debug_macro   0x000113fc       0x3d Drivers/STM32L1xx_HAL_Driver/Src/stm32l1xx_hal.o
 .debug_macro   0x00011439       0x16 Drivers/STM32L1xx_HAL_Driver/Src/stm32l1xx_hal.o
 .debug_macro   0x0001144f      0x16f Drivers/STM32L1xx_HAL_Driver/Src/stm32l1xx_hal.o
 .debug_macro   0x000115be       0x50 Drivers/STM32L1xx_HAL_Driver/Src/stm32l1xx_hal.o
 .debug_macro   0x0001160e      0xe3e Drivers/STM32L1xx_HAL_Driver/Src/stm32l1xx_hal.o
 .debug_macro   0x0001244c      0x179 Drivers/STM32L1xx_HAL_Driver/Src/stm32l1xx_hal.o
 .debug_macro   0x000125c5      0x141 Drivers/STM32L1xx_HAL_Driver/Src/stm32l1xx_hal.o
 .debug_macro   0x00012706       0xb4 Drivers/STM32L1xx_HAL_Driver/Src/stm32l1xx_hal.o
 .debug_macro   0x000127ba      0x25d Drivers/STM32L1xx_HAL_Driver/Src/stm32l1xx_hal.o
 .debug_macro   0x00012a17      0x23a Drivers/STM32L1xx_HAL_Driver/Src/stm32l1xx_hal.o
 .debug_macro   0x00012c51      0x11a Drivers/STM32L1xx_HAL_Driver/Src/stm32l1xx_hal.o
 .debug_macro   0x00012d6b      0x36d Drivers/STM32L1xx_HAL_Driver/Src/stm32l1xx_hal.o
 .debug_macro   0x000130d8      0x1ed Drivers/STM32L1xx_HAL_Driver/Src/stm32l1xx_hal.o
 .debug_macro   0x000132c5       0x1c Drivers/STM32L1xx_HAL_Driver/Src/stm32l1xx_hal.o
 .debug_macro   0x000132e1      0x757 Drivers/STM32L1xx_HAL_Driver/Src/stm32l1xx_hal.o
 .debug_macro   0x00013a38       0xac Drivers/STM32L1xx_HAL_Driver/Src/stm32l1xx_hal.o
 .debug_macro   0x00013ae4      0x3c1 Drivers/STM32L1xx_HAL_Driver/Src/stm32l1xx_hal.o
 .debug_macro   0x00013ea5      0x2df Drivers/STM32L1xx_HAL_Driver/Src/stm32l1xx_hal_cortex.o
 .debug_macro   0x00014184      0x318 Drivers/STM32L1xx_HAL_Driver/Src/stm32l1xx_hal_gpio.o
 .debug_macro   0x0001449c      0x31b Drivers/STM32L1xx_HAL_Driver/Src/stm32l1xx_hal_rcc.o
 .debug_macro   0x000147b7      0x2e0 Drivers/STM32L1xx_HAL_Driver/Src/stm32l1xx_hal_tim.o
 .debug_macro   0x00014a97      0x2df Drivers/STM32L1xx_HAL_Driver/Src/stm32l1xx_hal_tim_ex.o
 .debug_macro   0x00014d76      0x2ee Src/main.o
 .debug_macro   0x00015064       0x7c Src/main.o
 .debug_macro   0x000150e0      0x2ee Src/stm32l1xx_hal_msp.o
 .debug_macro   0x000153ce      0x2f8 Src/stm32l1xx_it.o
 .debug_macro   0x000156c6      0x2e5 Src/system_stm32l1xx.o

.debug_line     0x00000000     0x64ed
 .debug_line    0x00000000      0x8a7 Drivers/STM32L1xx_HAL_Driver/Src/stm32l1xx_hal.o
 .debug_line    0x000008a7      0x983 Drivers/STM32L1xx_HAL_Driver/Src/stm32l1xx_hal_cortex.o
 .debug_line    0x0000122a      0x8a3 Drivers/STM32L1xx_HAL_Driver/Src/stm32l1xx_hal_gpio.o
 .debug_line    0x00001acd      0xd54 Drivers/STM32L1xx_HAL_Driver/Src/stm32l1xx_hal_rcc.o
 .debug_line    0x00002821     0x15f5 Drivers/STM32L1xx_HAL_Driver/Src/stm32l1xx_hal_tim.o
 .debug_line    0x00003e16      0x7c8 Drivers/STM32L1xx_HAL_Driver/Src/stm32l1xx_hal_tim_ex.o
 .debug_line    0x000045de      0x7ba Src/main.o
 .debug_line    0x00004d98      0x77b Src/stm32l1xx_hal_msp.o
 .debug_line    0x00005513      0x7ed Src/stm32l1xx_it.o
 .debug_line    0x00005d00      0x770 Src/system_stm32l1xx.o
 .debug_line    0x00006470       0x7d startup/startup_stm32l100xc.o

.debug_str      0x00000000    0x8232d
 .debug_str     0x00000000    0x802a9 Drivers/STM32L1xx_HAL_Driver/Src/stm32l1xx_hal.o
                              0x80635 (size before relaxing)
 .debug_str     0x000802a9      0x3e5 Drivers/STM32L1xx_HAL_Driver/Src/stm32l1xx_hal_cortex.o
                              0x80780 (size before relaxing)
 .debug_str     0x0008068e      0x29a Drivers/STM32L1xx_HAL_Driver/Src/stm32l1xx_hal_gpio.o
                              0x80223 (size before relaxing)
 .debug_str     0x00080928      0x547 Drivers/STM32L1xx_HAL_Driver/Src/stm32l1xx_hal_rcc.o
                              0x8059a (size before relaxing)
 .debug_str     0x00080e6f     0x1012 Drivers/STM32L1xx_HAL_Driver/Src/stm32l1xx_hal_tim.o
                              0x81019 (size before relaxing)
 .debug_str     0x00081e81       0xc7 Drivers/STM32L1xx_HAL_Driver/Src/stm32l1xx_hal_tim_ex.o
                              0x80368 (size before relaxing)
 .debug_str     0x00081f48      0x257 Src/main.o
                              0x80802 (size before relaxing)
 .debug_str     0x0008219f       0x25 Src/stm32l1xx_hal_msp.o
                              0x808a5 (size before relaxing)
 .debug_str     0x000821c4       0xc8 Src/stm32l1xx_it.o
                              0x8058c (size before relaxing)
 .debug_str     0x0008228c       0x72 Src/system_stm32l1xx.o
                              0x7fffa (size before relaxing)
 .debug_str     0x000822fe       0x2f startup/startup_stm32l100xc.o
                                 0x5e (size before relaxing)

.comment        0x00000000       0x7f
 .comment       0x00000000       0x7f Drivers/STM32L1xx_HAL_Driver/Src/stm32l1xx_hal.o
                                 0x80 (size before relaxing)
 .comment       0x0000007f       0x80 Drivers/STM32L1xx_HAL_Driver/Src/stm32l1xx_hal_cortex.o
 .comment       0x0000007f       0x80 Drivers/STM32L1xx_HAL_Driver/Src/stm32l1xx_hal_gpio.o
 .comment       0x0000007f       0x80 Drivers/STM32L1xx_HAL_Driver/Src/stm32l1xx_hal_rcc.o
 .comment       0x0000007f       0x80 Drivers/STM32L1xx_HAL_Driver/Src/stm32l1xx_hal_tim.o
 .comment       0x0000007f       0x80 Drivers/STM32L1xx_HAL_Driver/Src/stm32l1xx_hal_tim_ex.o
 .comment       0x0000007f       0x80 Src/main.o
 .comment       0x0000007f       0x80 Src/stm32l1xx_hal_msp.o
 .comment       0x0000007f       0x80 Src/stm32l1xx_it.o
 .comment       0x0000007f       0x80 Src/system_stm32l1xx.o

.debug_frame    0x00000000     0x1154
 .debug_frame   0x00000000      0x168 Drivers/STM32L1xx_HAL_Driver/Src/stm32l1xx_hal.o
 .debug_frame   0x00000168      0x15c Drivers/STM32L1xx_HAL_Driver/Src/stm32l1xx_hal_cortex.o
 .debug_frame   0x000002c4       0xec Drivers/STM32L1xx_HAL_Driver/Src/stm32l1xx_hal_gpio.o
 .debug_frame   0x000003b0      0x168 Drivers/STM32L1xx_HAL_Driver/Src/stm32l1xx_hal_rcc.o
 .debug_frame   0x00000518      0x9c8 Drivers/STM32L1xx_HAL_Driver/Src/stm32l1xx_hal_tim.o
 .debug_frame   0x00000ee0       0x3c Drivers/STM32L1xx_HAL_Driver/Src/stm32l1xx_hal_tim_ex.o
 .debug_frame   0x00000f1c       0x9c Src/main.o
 .debug_frame   0x00000fb8       0x60 Src/stm32l1xx_hal_msp.o
 .debug_frame   0x00001018       0xc0 Src/stm32l1xx_it.o
 .debug_frame   0x000010d8       0x30 Src/system_stm32l1xx.o
 .debug_frame   0x00001108       0x2c e:/stm32new/plugins/fr.ac6.mcu.externaltools.arm-none.win32_1.17.0.201812190825/tools/compiler/bin/../lib/gcc/arm-none-eabi/7.3.1/../../../../arm-none-eabi/lib/thumb/v7-m\libc_nano.a(lib_a-init.o)
 .debug_frame   0x00001134       0x20 e:/stm32new/plugins/fr.ac6.mcu.externaltools.arm-none.win32_1.17.0.201812190825/tools/compiler/bin/../lib/gcc/arm-none-eabi/7.3.1/../../../../arm-none-eabi/lib/thumb/v7-m\libc_nano.a(lib_a-memset.o)
