Archive member included to satisfy reference by file (symbol)

e:/stm32new/plugins/fr.ac6.mcu.externaltools.arm-none.win32_1.17.0.201812190825/tools/compiler/bin/../lib/gcc/arm-none-eabi/7.3.1/../../../../arm-none-eabi/lib/thumb/v7-m\libc_nano.a(lib_a-errno.o)
                              Src/retarget.o (__errno)
e:/stm32new/plugins/fr.ac6.mcu.externaltools.arm-none.win32_1.17.0.201812190825/tools/compiler/bin/../lib/gcc/arm-none-eabi/7.3.1/../../../../arm-none-eabi/lib/thumb/v7-m\libc_nano.a(lib_a-exit.o)
                              e:/stm32new/plugins/fr.ac6.mcu.externaltools.arm-none.win32_1.17.0.201812190825/tools/compiler/bin/../lib/gcc/arm-none-eabi/7.3.1/../../../../arm-none-eabi/lib/thumb/v7-m/crt0.o (exit)
e:/stm32new/plugins/fr.ac6.mcu.externaltools.arm-none.win32_1.17.0.201812190825/tools/compiler/bin/../lib/gcc/arm-none-eabi/7.3.1/../../../../arm-none-eabi/lib/thumb/v7-m\libc_nano.a(lib_a-impure.o)
                              e:/stm32new/plugins/fr.ac6.mcu.externaltools.arm-none.win32_1.17.0.201812190825/tools/compiler/bin/../lib/gcc/arm-none-eabi/7.3.1/../../../../arm-none-eabi/lib/thumb/v7-m\libc_nano.a(lib_a-exit.o) (_global_impure_ptr)
e:/stm32new/plugins/fr.ac6.mcu.externaltools.arm-none.win32_1.17.0.201812190825/tools/compiler/bin/../lib/gcc/arm-none-eabi/7.3.1/../../../../arm-none-eabi/lib/thumb/v7-m\libc_nano.a(lib_a-init.o)
                              e:/stm32new/plugins/fr.ac6.mcu.externaltools.arm-none.win32_1.17.0.201812190825/tools/compiler/bin/../lib/gcc/arm-none-eabi/7.3.1/../../../../arm-none-eabi/lib/thumb/v7-m/crt0.o (__libc_init_array)
e:/stm32new/plugins/fr.ac6.mcu.externaltools.arm-none.win32_1.17.0.201812190825/tools/compiler/bin/../lib/gcc/arm-none-eabi/7.3.1/../../../../arm-none-eabi/lib/thumb/v7-m\libc_nano.a(lib_a-memset.o)
                              e:/stm32new/plugins/fr.ac6.mcu.externaltools.arm-none.win32_1.17.0.201812190825/tools/compiler/bin/../lib/gcc/arm-none-eabi/7.3.1/../../../../arm-none-eabi/lib/thumb/v7-m/crt0.o (memset)
e:/stm32new/plugins/fr.ac6.mcu.externaltools.arm-none.win32_1.17.0.201812190825/tools/compiler/bin/../lib/gcc/arm-none-eabi/7.3.1/../../../../arm-none-eabi/lib/thumb/v7-m\libc_nano.a(lib_a-puts.o)
                              Src/main.o (puts)
e:/stm32new/plugins/fr.ac6.mcu.externaltools.arm-none.win32_1.17.0.201812190825/tools/compiler/bin/../lib/gcc/arm-none-eabi/7.3.1/../../../../arm-none-eabi/lib/thumb/v7-m\libc_nano.a(lib_a-setvbuf.o)
                              Src/retarget.o (setvbuf)
e:/stm32new/plugins/fr.ac6.mcu.externaltools.arm-none.win32_1.17.0.201812190825/tools/compiler/bin/../lib/gcc/arm-none-eabi/7.3.1/../../../../arm-none-eabi/lib/thumb/v7-m\libc_nano.a(lib_a-wbuf.o)
                              e:/stm32new/plugins/fr.ac6.mcu.externaltools.arm-none.win32_1.17.0.201812190825/tools/compiler/bin/../lib/gcc/arm-none-eabi/7.3.1/../../../../arm-none-eabi/lib/thumb/v7-m\libc_nano.a(lib_a-puts.o) (__swbuf_r)
e:/stm32new/plugins/fr.ac6.mcu.externaltools.arm-none.win32_1.17.0.201812190825/tools/compiler/bin/../lib/gcc/arm-none-eabi/7.3.1/../../../../arm-none-eabi/lib/thumb/v7-m\libc_nano.a(lib_a-wsetup.o)
                              e:/stm32new/plugins/fr.ac6.mcu.externaltools.arm-none.win32_1.17.0.201812190825/tools/compiler/bin/../lib/gcc/arm-none-eabi/7.3.1/../../../../arm-none-eabi/lib/thumb/v7-m\libc_nano.a(lib_a-puts.o) (__swsetup_r)
e:/stm32new/plugins/fr.ac6.mcu.externaltools.arm-none.win32_1.17.0.201812190825/tools/compiler/bin/../lib/gcc/arm-none-eabi/7.3.1/../../../../arm-none-eabi/lib/thumb/v7-m\libc_nano.a(lib_a-fflush.o)
                              e:/stm32new/plugins/fr.ac6.mcu.externaltools.arm-none.win32_1.17.0.201812190825/tools/compiler/bin/../lib/gcc/arm-none-eabi/7.3.1/../../../../arm-none-eabi/lib/thumb/v7-m\libc_nano.a(lib_a-setvbuf.o) (_fflush_r)
e:/stm32new/plugins/fr.ac6.mcu.externaltools.arm-none.win32_1.17.0.201812190825/tools/compiler/bin/../lib/gcc/arm-none-eabi/7.3.1/../../../../arm-none-eabi/lib/thumb/v7-m\libc_nano.a(lib_a-findfp.o)
                              e:/stm32new/plugins/fr.ac6.mcu.externaltools.arm-none.win32_1.17.0.201812190825/tools/compiler/bin/../lib/gcc/arm-none-eabi/7.3.1/../../../../arm-none-eabi/lib/thumb/v7-m\libc_nano.a(lib_a-puts.o) (__sinit)
e:/stm32new/plugins/fr.ac6.mcu.externaltools.arm-none.win32_1.17.0.201812190825/tools/compiler/bin/../lib/gcc/arm-none-eabi/7.3.1/../../../../arm-none-eabi/lib/thumb/v7-m\libc_nano.a(lib_a-fwalk.o)
                              e:/stm32new/plugins/fr.ac6.mcu.externaltools.arm-none.win32_1.17.0.201812190825/tools/compiler/bin/../lib/gcc/arm-none-eabi/7.3.1/../../../../arm-none-eabi/lib/thumb/v7-m\libc_nano.a(lib_a-findfp.o) (_fwalk)
e:/stm32new/plugins/fr.ac6.mcu.externaltools.arm-none.win32_1.17.0.201812190825/tools/compiler/bin/../lib/gcc/arm-none-eabi/7.3.1/../../../../arm-none-eabi/lib/thumb/v7-m\libc_nano.a(lib_a-makebuf.o)
[...]
Memory Configuration

Name             Origin             Length             Attributes
RAM              0x20000000         0x00004000         xrw
FLASH            0x08000000         0x00040000         xr
*default*        0x00000000         0xffffffff

Linker script and memory map

LOAD e:/stm32new/plugins/fr.ac6.mcu.externaltools.arm-none.win32_1.17.0.201812190825/tools/compiler/bin/../lib/gcc/arm-none-eabi/7.3.1/thumb/v7-m/crti.o
LOAD e:/stm32new/plugins/fr.ac6.mcu.externaltools.arm-none.win32_1.17.0.201812190825/tools/compiler/bin/../lib/gcc/arm-none-eabi/7.3.1/thumb/v7-m/crtbegin.o
LOAD e:/stm32new/plugins/fr.ac6.mcu.externaltools.arm-none.win32_1.17.0.201812190825/tools/compiler/bin/../lib/gcc/arm-none-eabi/7.3.1/../../../../arm-none-eabi/lib/thumb/v7-m/crt0.o
LOAD Drivers/STM32L1xx_HAL_Driver/Src/stm32l1xx_hal.o
LOAD Drivers/STM32L1xx_HAL_Driver/Src/stm32l1xx_hal_cortex.o
LOAD Drivers/STM32L1xx_HAL_Driver/Src/stm32l1xx_hal_dma.o
LOAD Drivers/STM32L1xx_HAL_Driver/Src/stm32l1xx_hal_flash.o
LOAD Drivers/STM32L1xx_HAL_Driver/Src/stm32l1xx_hal_flash_ex.o
LOAD Drivers/STM32L1xx_HAL_Driver/Src/stm32l1xx_hal_flash_ramfunc.o
LOAD Drivers/STM32L1xx_HAL_Driver/Src/stm32l1xx_hal_gpio.o
LOAD Drivers/STM32L1xx_HAL_Driver/Src/stm32l1xx_hal_pwr.o
LOAD Drivers/STM32L1xx_HAL_Driver/Src/stm32l1xx_hal_pwr_ex.o
LOAD Drivers/STM32L1xx_HAL_Driver/Src/stm32l1xx_hal_rcc.o
LOAD Drivers/STM32L1xx_HAL_Driver/Src/stm32l1xx_hal_rcc_ex.o
LOAD Drivers/STM32L1xx_HAL_Driver/Src/stm32l1xx_hal_tim.o
LOAD Drivers/STM32L1xx_HAL_Driver/Src/stm32l1xx_hal_tim_ex.o
LOAD Drivers/STM32L1xx_HAL_Driver/Src/stm32l1xx_hal_uart.o
LOAD Src/main.o
LOAD Src/retarget.o
LOAD Src/stm32l1xx_hal_msp.o
LOAD Src/stm32l1xx_it.o
LOAD Src/system_stm32l1xx.o
LOAD startup/startup_stm32l100xc.o
LOAD e:/stm32new/plugins/fr.ac6.mcu.externaltools.arm-none.win32_1.17.0.201812190825/tools/compiler/bin/../lib/gcc/arm-none-eabi/7.3.1/../../../../arm-none-eabi/lib/thumb/v7-m\libstdc++_nano.a
LOAD e:/stm32new/plugins/fr.ac6.mcu.externaltools.arm-none.win32_1.17.0.201812190825/tools/compiler/bin/../lib/gcc/arm-none-eabi/7.3.1/../../../../arm-none-eabi/lib/thumb/v7-m\libm.a
START GROUP
LOAD e:/stm32new/plugins/fr.ac6.mcu.externaltools.arm-none.win32_1.17.0.201812190825/tools/compiler/bin/../lib/gcc/arm-none-eabi/7.3.1/thumb/v7-m\libgcc.a
LOAD e:/stm32new/plugins/fr.ac6.mcu.externaltools.arm-none.win32_1.17.0.201812190825/tools/compiler/bin/../lib/gcc/arm-none-eabi/7.3.1/../../../../arm-none-eabi/lib/thumb/v7-m\libc_nano.a
END GROUP
START GROUP
LOAD e:/stm32new/plugins/fr.ac6.mcu.externaltools.arm-none.win32_1.17.0.201812190825/tools/compiler/bin/../lib/gcc/arm-none-eabi/7.3.1/thumb/v7-m\libgcc.a
LOAD e:/stm32new/plugins/fr.ac6.mcu.externaltools.arm-none.win32_1.17.0.201812190825/tools/compiler/bin/../lib/gcc/arm-none-eabi/7.3.1/../../../../arm-none-eabi/lib/thumb/v7-m\libc_nano.a
LOAD e:/stm32new/plugins/fr.ac6.mcu.externaltools.arm-none.win32_1.17.0.201812190825/tools/compiler/bin/../lib/gcc/arm-none-eabi/7.3.1/../../../../arm-none-eabi/lib/thumb/v7-m\libnosys.a
END GROUP
START GROUP
LOAD e:/stm32new/plugins/fr.ac6.mcu.externaltools.arm-none.win32_1.17.0.201812190825/tools/compiler/bin/../lib/gcc/arm-none-eabi/7.3.1/thumb/v7-m\libgcc.a
LOAD e:/stm32new/plugins/fr.ac6.mcu.externaltools.arm-none.win32_1.17.0.201812190825/tools/compiler/bin/../lib/gcc/arm-none-eabi/7.3.1/../../../../arm-none-eabi/lib/thumb/v7-m\libc_nano.a
LOAD e:/stm32new/plugins/fr.ac6.mcu.externaltools.arm-none.win32_1.17.0.201812190825/tools/compiler/bin/../lib/gcc/arm-none-eabi/7.3.1/../../../../arm-none-eabi/lib/thumb/v7-m\libnosys.a
END GROUP
LOAD e:/stm32new/plugins/fr.ac6.mcu.externaltools.arm-none.win32_1.17.0.201812190825/tools/compiler/bin/../lib/gcc/arm-none-eabi/7.3.1/thumb/v7-m/crtend.o
LOAD e:/stm32new/plugins/fr.ac6.mcu.externaltools.arm-none.win32_1.17.0.201812190825/tools/compiler/bin/../lib/gcc/arm-none-eabi/7.3.1/thumb/v7-m/crtn.o
                0x20004000                _estack = 0x20004000
                0x00000200                _Min_Heap_Size = 0x200
                0x00000400                _Min_Stack_Size = 0x400

.isr_vector     0x08000000      0x13c
                0x08000000                . = ALIGN (0x4)
 *(.isr_vector)
 .isr_vector    0x08000000      0x13c startup/startup_stm32l100xc.o
                0x08000000                g_pfnVectors
                0x0800013c                . = ALIGN (0x4)

.text           0x0800013c     0x230c
                0x0800013c                . = ALIGN (0x4)
 *(.text)
 .text          0x0800013c       0x40 e:/stm32new/plugins/fr.ac6.mcu.externaltools.arm-none.win32_1.17.0.201812190825/tools/compiler/bin/../lib/gcc/arm-none-eabi/7.3.1/thumb/v7-m/crtbegin.o
 *(.text*)
 .text.HAL_InitTick
                0x0800017c       0x2c Drivers/STM32L1xx_HAL_Driver/Src/stm32l1xx_hal.o
                0x0800017c                HAL_InitTick
 .text.HAL_Init
                0x080001a8       0x16 Drivers/STM32L1xx_HAL_Driver/Src/stm32l1xx_hal.o
                0x080001a8                HAL_Init
 *fill*         0x080001be        0x2 
 .text.HAL_IncTick
                0x080001c0       0x10 Drivers/STM32L1xx_HAL_Driver/Src/stm32l1xx_hal.o
                0x080001c0                HAL_IncTick
 .text.HAL_GetTick
                0x080001d0        0xc Drivers/STM32L1xx_HAL_Driver/Src/stm32l1xx_hal.o
                0x080001d0                HAL_GetTick
 .text.HAL_NVIC_SetPriorityGrouping
                0x080001dc       0x24 Drivers/STM32L1xx_HAL_Driver/Src/stm32l1xx_hal_cortex.o
                0x080001dc                HAL_NVIC_SetPriorityGrouping
 .text.HAL_NVIC_SetPriority
                0x08000200       0x68 Drivers/STM32L1xx_HAL_Driver/Src/stm32l1xx_hal_cortex.o
                0x08000200                HAL_NVIC_SetPriority
 .text.HAL_SYSTICK_Config
                0x08000268       0x2c Drivers/STM32L1xx_HAL_Driver/Src/stm32l1xx_hal_cortex.o
                0x08000268                HAL_SYSTICK_Config
 .text.HAL_GPIO_Init
                0x08000294      0x188 Drivers/STM32L1xx_HAL_Driver/Src/stm32l1xx_hal_gpio.o
                0x08000294                HAL_GPIO_Init
 .text.HAL_GPIO_WritePin
                0x0800041c        0xc Drivers/STM32L1xx_HAL_Driver/Src/stm32l1xx_hal_gpio.o
                0x0800041c                HAL_GPIO_WritePin
 .text.RCC_SetFlashLatencyFromMSIRange
                0x08000428       0x94 Drivers/STM32L1xx_HAL_Driver/Src/stm32l1xx_hal_rcc.o
 .text.HAL_RCC_OscConfig
                0x080004bc      0x78c Drivers/STM32L1xx_HAL_Driver/Src/stm32l1xx_hal_rcc.o
                0x080004bc                HAL_RCC_OscConfig
 .text.HAL_RCC_GetSysClockFreq
                0x08000c48       0x9c Drivers/STM32L1xx_HAL_Driver/Src/stm32l1xx_hal_rcc.o
                0x08000c48                HAL_RCC_GetSysClockFreq
 .text.HAL_RCC_ClockConfig
                0x08000ce4      0x248 Drivers/STM32L1xx_HAL_Driver/Src/stm32l1xx_hal_rcc.o
                0x08000ce4                HAL_RCC_ClockConfig
 .text.HAL_RCC_GetHCLKFreq
                0x08000f2c        0xc Drivers/STM32L1xx_HAL_Driver/Src/stm32l1xx_hal_rcc.o
                0x08000f2c                HAL_RCC_GetHCLKFreq
 .text.HAL_RCC_GetPCLK1Freq
                0x08000f38       0x2c Drivers/STM32L1xx_HAL_Driver/Src/stm32l1xx_hal_rcc.o
                0x08000f38                HAL_RCC_GetPCLK1Freq
 .text.HAL_RCC_GetPCLK2Freq
                0x08000f64       0x2c Drivers/STM32L1xx_HAL_Driver/Src/stm32l1xx_hal_rcc.o
                0x08000f64                HAL_RCC_GetPCLK2Freq
 .text.UART_SetConfig
                0x08000f90      0x320 Drivers/STM32L1xx_HAL_Driver/Src/stm32l1xx_hal_uart.o
 .text.UART_WaitOnFlagUntilTimeout
                0x080012b0       0xca Drivers/STM32L1xx_HAL_Driver/Src/stm32l1xx_hal_uart.o
 .text.HAL_UART_Init
                0x0800137a       0x5a Drivers/STM32L1xx_HAL_Driver/Src/stm32l1xx_hal_uart.o
                0x0800137a                HAL_UART_Init
 .text.HAL_UART_Transmit
                0x080013d4       0xe8 Drivers/STM32L1xx_HAL_Driver/Src/stm32l1xx_hal_uart.o
                0x080013d4                HAL_UART_Transmit
 .text.HAL_UART_Receive
                0x080014bc       0xee Drivers/STM32L1xx_HAL_Driver/Src/stm32l1xx_hal_uart.o
                0x080014bc                HAL_UART_Receive
 *fill*         0x080015aa        0x2 
 .text.MX_GPIO_Init
                0x080015ac       0xc8 Src/main.o
 .text.MX_USART1_UART_Init
                0x08001674       0x2c Src/main.o
 .text.SystemClock_Config
                0x080016a0       0x68 Src/main.o
                0x080016a0                SystemClock_Config
 .text.main     0x08001708       0x28 Src/main.o
                0x08001708                main
 .text.RetargetInit
                0x08001730       0x20 Src/retarget.o
                0x08001730                RetargetInit
 .text._isatty  0x08001750       0x16 Src/retarget.o
                0x08001750                _isatty
 *fill*         0x08001766        0x2 
 .text._write   0x08001768       0x34 Src/retarget.o
                0x08001768                _write
 .text._close   0x0800179c       0x18 Src/retarget.o
                0x0800179c                _close
 .text._lseek   0x080017b4       0x10 Src/retarget.o
                0x080017b4                _lseek
 .text._read    0x080017c4       0x30 Src/retarget.o
                0x080017c4                _read
 .text._fstat   0x080017f4       0x1a Src/retarget.o
                0x080017f4                _fstat
 *fill*         0x0800180e        0x2 
 .text.HAL_MspInit
                0x08001810       0x4c Src/stm32l1xx_hal_msp.o
                0x08001810                HAL_MspInit
 .text.HAL_UART_MspInit
                0x0800185c       0x70 Src/stm32l1xx_hal_msp.o
                0x0800185c                HAL_UART_MspInit
 .text.NMI_Handler
                0x080018cc        0x2 Src/stm32l1xx_it.o
                0x080018cc                NMI_Handler
 .text.HardFault_Handler
                0x080018ce        0x2 Src/stm32l1xx_it.o
                0x080018ce                HardFault_Handler
 .text.MemManage_Handler
                0x080018d0        0x2 Src/stm32l1xx_it.o
                0x080018d0                MemManage_Handler
 .text.BusFault_Handler
                0x080018d2        0x2 Src/stm32l1xx_it.o
                0x080018d2                BusFault_Handler
 .text.UsageFault_Handler
                0x080018d4        0x2 Src/stm32l1xx_it.o
                0x080018d4                UsageFault_Handler
 .text.SVC_Handler
                0x080018d6        0x2 Src/stm32l1xx_it.o
                0x080018d6                SVC_Handler
 .text.DebugMon_Handler
                0x080018d8        0x2 Src/stm32l1xx_it.o
                0x080018d8                DebugMon_Handler
 .text.PendSV_Handler
                0x080018da        0x2 Src/stm32l1xx_it.o
                0x080018da                PendSV_Handler
 .text.SysTick_Handler
                0x080018dc        0x8 Src/stm32l1xx_it.o
                0x080018dc                SysTick_Handler
 .text.SystemInit
                0x080018e4       0x48 Src/system_stm32l1xx.o
                0x080018e4                SystemInit
 .text.Reset_Handler
                0x0800192c       0x48 startup/startup_stm32l100xc.o
                0x0800192c                Reset_Handler
 .text.Default_Handler
                0x08001974        0x2 startup/startup_stm32l100xc.o
                0x08001974                RTC_Alarm_IRQHandler
                0x08001974                EXTI2_IRQHandler
                0x08001974                COMP_ACQ_IRQHandler
                0x08001974                TIM10_IRQHandler
                0x08001974                USB_HP_IRQHandler
                0x08001974                TIM6_IRQHandler
                0x08001974                PVD_IRQHandler
                0x08001974                EXTI3_IRQHandler
                0x08001974                EXTI0_IRQHandler
                0x08001974                I2C2_EV_IRQHandler
                0x08001974                SPI1_IRQHandler
                0x08001974                USB_FS_WKUP_IRQHandler
                0x08001974                DMA2_Channel2_IRQHandler
                0x08001974                DMA1_Channel4_IRQHandler
                0x08001974                ADC1_IRQHandler
                0x08001974                USART3_IRQHandler
                0x08001974                DMA1_Channel7_IRQHandler
                0x08001974                LCD_IRQHandler
                0x08001974                TIM4_IRQHandler
                0x08001974                DMA2_Channel1_IRQHandler
                0x08001974                I2C1_EV_IRQHandler
                0x08001974                DMA1_Channel6_IRQHandler
                0x08001974                DMA2_Channel4_IRQHandler
                0x08001974                TIM3_IRQHandler
                0x08001974                RCC_IRQHandler
                0x08001974                DMA1_Channel1_IRQHandler
                0x08001974                Default_Handler
                0x08001974                EXTI15_10_IRQHandler
                0x08001974                TIM7_IRQHandler
                0x08001974                EXTI9_5_IRQHandler
                0x08001974                TIM9_IRQHandler
                0x08001974                TAMPER_STAMP_IRQHandler
                0x08001974                RTC_WKUP_IRQHandler
                0x08001974                SPI2_IRQHandler
                0x08001974                DMA2_Channel5_IRQHandler
                0x08001974                DMA1_Channel5_IRQHandler
                0x08001974                USB_LP_IRQHandler
                0x08001974                EXTI4_IRQHandler
                0x08001974                DMA1_Channel3_IRQHandler
                0x08001974                COMP_IRQHandler
                0x08001974                WWDG_IRQHandler
                0x08001974                TIM2_IRQHandler
                0x08001974                DAC_IRQHandler
                0x08001974                EXTI1_IRQHandler
                0x08001974                TIM11_IRQHandler
                0x08001974                USART2_IRQHandler
                0x08001974                I2C2_ER_IRQHandler
                0x08001974                DMA1_Channel2_IRQHandler
                0x08001974                FLASH_IRQHandler
                0x08001974                USART1_IRQHandler
                0x08001974                SPI3_IRQHandler
                0x08001974                I2C1_ER_IRQHandler
                0x08001974                DMA2_Channel3_IRQHandler
 *fill*         0x08001976        0x2 
 .text.__errno  0x08001978        0xc e:/stm32new/plugins/fr.ac6.mcu.externaltools.arm-none.win32_1.17.0.201812190825/tools/compiler/bin/../lib/gcc/arm-none-eabi/7.3.1/../../../../arm-none-eabi/lib/thumb/v7-m\libc_nano.a(lib_a-errno.o)
                0x08001978                __errno
 .text.__libc_init_array
                0x08001984       0x48 e:/stm32new/plugins/fr.ac6.mcu.externaltools.arm-none.win32_1.17.0.201812190825/tools/compiler/bin/../lib/gcc/arm-none-eabi/7.3.1/../../../../arm-none-eabi/lib/thumb/v7-m\libc_nano.a(lib_a-init.o)
                0x08001984                __libc_init_array
 .text.memset   0x080019cc       0x10 e:/stm32new/plugins/fr.ac6.mcu.externaltools.arm-none.win32_1.17.0.201812190825/tools/compiler/bin/../lib/gcc/arm-none-eabi/7.3.1/../../../../arm-none-eabi/lib/thumb/v7-m\libc_nano.a(lib_a-memset.o)
                0x080019cc                memset
 .text._puts_r  0x080019dc       0xb8 e:/stm32new/plugins/fr.ac6.mcu.externaltools.arm-none.win32_1.17.0.201812190825/tools/compiler/bin/../lib/gcc/arm-none-eabi/7.3.1/../../../../arm-none-eabi/lib/thumb/v7-m\libc_nano.a(lib_a-puts.o)
                0x080019dc                _puts_r
 .text.puts     0x08001a94       0x10 e:/stm32new/plugins/fr.ac6.mcu.externaltools.arm-none.win32_1.17.0.201812190825/tools/compiler/bin/../lib/gcc/arm-none-eabi/7.3.1/../../../../arm-none-eabi/lib/thumb/v7-m\libc_nano.a(lib_a-puts.o)
                0x08001a94                puts
 .text.setvbuf  0x08001aa4      0x15c e:/stm32new/plugins/fr.ac6.mcu.externaltools.arm-none.win32_1.17.0.201812190825/tools/compiler/bin/../lib/gcc/arm-none-eabi/7.3.1/../../../../arm-none-eabi/lib/thumb/v7-m\libc_nano.a(lib_a-setvbuf.o)
                0x08001aa4                setvbuf
 .text.__swbuf_r
                0x08001c00       0xa4 e:/stm32new/plugins/fr.ac6.mcu.externaltools.arm-none.win32_1.17.0.201812190825/tools/compiler/bin/../lib/gcc/arm-none-eabi/7.3.1/../../../../arm-none-eabi/lib/thumb/v7-m\libc_nano.a(lib_a-wbuf.o)
                0x08001c00                __swbuf_r
 .text.__swsetup_r
                0x08001ca4       0xdc e:/stm32new/plugins/fr.ac6.mcu.externaltools.arm-none.win32_1.17.0.201812190825/tools/compiler/bin/../lib/gcc/arm-none-eabi/7.3.1/../../../../arm-none-eabi/lib/thumb/v7-m\libc_nano.a(lib_a-wsetup.o)
                0x08001ca4                __swsetup_r
 .text.__sflush_r
                0x08001d80      0x10c e:/stm32new/plugins/fr.ac6.mcu.externaltools.arm-none.win32_1.17.0.201812190825/tools/compiler/bin/../lib/gcc/arm-none-eabi/7.3.1/../../../../arm-none-eabi/lib/thumb/v7-m\libc_nano.a(lib_a-fflush.o)
                0x08001d80                __sflush_r
 .text._fflush_r
                0x08001e8c       0x54 e:/stm32new/plugins/fr.ac6.mcu.externaltools.arm-none.win32_1.17.0.201812190825/tools/compiler/bin/../lib/gcc/arm-none-eabi/7.3.1/../../../../arm-none-eabi/lib/thumb/v7-m\libc_nano.a(lib_a-fflush.o)
                0x08001e8c                _fflush_r
 .text.std      0x08001ee0       0x48 e:/stm32new/plugins/fr.ac6.mcu.externaltools.arm-none.win32_1.17.0.201812190825/tools/compiler/bin/../lib/gcc/arm-none-eabi/7.3.1/../../../../arm-none-eabi/lib/thumb/v7-m\libc_nano.a(lib_a-findfp.o)
 .text._cleanup_r
                0x08001f28        0xc e:/stm32new/plugins/fr.ac6.mcu.externaltools.arm-none.win32_1.17.0.201812190825/tools/compiler/bin/../lib/gcc/arm-none-eabi/7.3.1/../../../../arm-none-eabi/lib/thumb/v7-m\libc_nano.a(lib_a-findfp.o)
                0x08001f28                _cleanup_r
 .text.__sfmoreglue
                0x08001f34       0x2c e:/stm32new/plugins/fr.ac6.mcu.externaltools.arm-none.win32_1.17.0.201812190825/tools/compiler/bin/../lib/gcc/arm-none-eabi/7.3.1/../../../../arm-none-eabi/lib/thumb/v7-m\libc_nano.a(lib_a-findfp.o)
                0x08001f34                __sfmoreglue
 .text.__sinit  0x08001f60       0x60 e:/stm32new/plugins/fr.ac6.mcu.externaltools.arm-none.win32_1.17.0.201812190825/tools/compiler/bin/../lib/gcc/arm-none-eabi/7.3.1/../../../../arm-none-eabi/lib/thumb/v7-m\libc_nano.a(lib_a-findfp.o)
                0x08001f60                __sinit
 .text.__sfp    0x08001fc0       0x78 e:/stm32new/plugins/fr.ac6.mcu.externaltools.arm-none.win32_1.17.0.201812190825/tools/compiler/bin/../lib/gcc/arm-none-eabi/7.3.1/../../../../arm-none-eabi/lib/thumb/v7-m\libc_nano.a(lib_a-findfp.o)
                0x08001fc0                __sfp
 .text._fwalk_reent
                0x08002038       0x3c e:/stm32new/plugins/fr.ac6.mcu.externaltools.arm-none.win32_1.17.0.201812190825/tools/compiler/bin/../lib/gcc/arm-none-eabi/7.3.1/../../../../arm-none-eabi/lib/thumb/v7-m\libc_nano.a(lib_a-fwalk.o)
                0x08002038                _fwalk_reent
 .text.__swhatbuf_r
                0x08002074       0x48 e:/stm32new/plugins/fr.ac6.mcu.externaltools.arm-none.win32_1.17.0.201812190825/tools/compiler/bin/../lib/gcc/arm-none-eabi/7.3.1/../../../../arm-none-eabi/lib/thumb/v7-m\libc_nano.a(lib_a-makebuf.o)
                0x08002074                __swhatbuf_r
 .text.__smakebuf_r
                0x080020bc       0x80 e:/stm32new/plugins/fr.ac6.mcu.externaltools.arm-none.win32_1.17.0.201812190825/tools/compiler/bin/../lib/gcc/arm-none-eabi/7.3.1/../../../../arm-none-eabi/lib/thumb/v7-m\libc_nano.a(lib_a-makebuf.o)
                0x080020bc                __smakebuf_r
 .text.malloc   0x0800213c       0x10 e:/stm32new/plugins/fr.ac6.mcu.externaltools.arm-none.win32_1.17.0.201812190825/tools/compiler/bin/../lib/gcc/arm-none-eabi/7.3.1/../../../../arm-none-eabi/lib/thumb/v7-m\libc_nano.a(lib_a-malloc.o)
                0x0800213c                malloc
 .text._free_r  0x0800214c       0x98 e:/stm32new/plugins/fr.ac6.mcu.externaltools.arm-none.win32_1.17.0.201812190825/tools/compiler/bin/../lib/gcc/arm-none-eabi/7.3.1/../../../../arm-none-eabi/lib/thumb/v7-m\libc_nano.a(lib_a-nano-freer.o)
                0x0800214c                _free_r
 .text._malloc_r
                0x080021e4       0xb4 e:/stm32new/plugins/fr.ac6.mcu.externaltools.arm-none.win32_1.17.0.201812190825/tools/compiler/bin/../lib/gcc/arm-none-eabi/7.3.1/../../../../arm-none-eabi/lib/thumb/v7-m\libc_nano.a(lib_a-nano-mallocr.o)
                0x080021e4                _malloc_r
 .text._sbrk_r  0x08002298       0x20 e:/stm32new/plugins/fr.ac6.mcu.externaltools.arm-none.win32_1.17.0.201812190825/tools/compiler/bin/../lib/gcc/arm-none-eabi/7.3.1/../../../../arm-none-eabi/lib/thumb/v7-m\libc_nano.a(lib_a-sbrkr.o)
                0x08002298                _sbrk_r
 .text.__sread  0x080022b8       0x22 e:/stm32new/plugins/fr.ac6.mcu.externaltools.arm-none.win32_1.17.0.201812190825/tools/compiler/bin/../lib/gcc/arm-none-eabi/7.3.1/../../../../arm-none-eabi/lib/thumb/v7-m\libc_nano.a(lib_a-stdio.o)
                0x080022b8                __sread
 .text.__swrite
                0x080022da       0x38 e:/stm32new/plugins/fr.ac6.mcu.externaltools.arm-none.win32_1.17.0.201812190825/tools/compiler/bin/../lib/gcc/arm-none-eabi/7.3.1/../../../../arm-none-eabi/lib/thumb/v7-m\libc_nano.a(lib_a-stdio.o)
                0x080022da                __swrite
 .text.__sseek  0x08002312       0x24 e:/stm32new/plugins/fr.ac6.mcu.externaltools.arm-none.win32_1.17.0.201812190825/tools/compiler/bin/../lib/gcc/arm-none-eabi/7.3.1/../../../../arm-none-eabi/lib/thumb/v7-m\libc_nano.a(lib_a-stdio.o)
                0x08002312                __sseek
 .text.__sclose
                0x08002336        0x8 e:/stm32new/plugins/fr.ac6.mcu.externaltools.arm-none.win32_1.17.0.201812190825/tools/compiler/bin/../lib/gcc/arm-none-eabi/7.3.1/../../../../arm-none-eabi/lib/thumb/v7-m\libc_nano.a(lib_a-stdio.o)
                0x08002336                __sclose
 *fill*         0x0800233e        0x2 
 .text._write_r
                0x08002340       0x24 e:/stm32new/plugins/fr.ac6.mcu.externaltools.arm-none.win32_1.17.0.201812190825/tools/compiler/bin/../lib/gcc/arm-none-eabi/7.3.1/../../../../arm-none-eabi/lib/thumb/v7-m\libc_nano.a(lib_a-writer.o)
                0x08002340                _write_r
 .text._close_r
                0x08002364       0x20 e:/stm32new/plugins/fr.ac6.mcu.externaltools.arm-none.win32_1.17.0.201812190825/tools/compiler/bin/../lib/gcc/arm-none-eabi/7.3.1/../../../../arm-none-eabi/lib/thumb/v7-m\libc_nano.a(lib_a-closer.o)
                0x08002364                _close_r
 .text._fstat_r
                0x08002384       0x24 e:/stm32new/plugins/fr.ac6.mcu.externaltools.arm-none.win32_1.17.0.201812190825/tools/compiler/bin/../lib/gcc/arm-none-eabi/7.3.1/../../../../arm-none-eabi/lib/thumb/v7-m\libc_nano.a(lib_a-fstatr.o)
                0x08002384                _fstat_r
 .text._isatty_r
                0x080023a8       0x20 e:/stm32new/plugins/fr.ac6.mcu.externaltools.arm-none.win32_1.17.0.201812190825/tools/compiler/bin/../lib/gcc/arm-none-eabi/7.3.1/../../../../arm-none-eabi/lib/thumb/v7-m\libc_nano.a(lib_a-isattyr.o)
                0x080023a8                _isatty_r
 .text._lseek_r
                0x080023c8       0x24 e:/stm32new/plugins/fr.ac6.mcu.externaltools.arm-none.win32_1.17.0.201812190825/tools/compiler/bin/../lib/gcc/arm-none-eabi/7.3.1/../../../../arm-none-eabi/lib/thumb/v7-m\libc_nano.a(lib_a-lseekr.o)
                0x080023c8                _lseek_r
 .text.__malloc_lock
                0x080023ec        0x2 e:/stm32new/plugins/fr.ac6.mcu.externaltools.arm-none.win32_1.17.0.201812190825/tools/compiler/bin/../lib/gcc/arm-none-eabi/7.3.1/../../../../arm-none-eabi/lib/thumb/v7-m\libc_nano.a(lib_a-mlock.o)
                0x080023ec                __malloc_lock
 .text.__malloc_unlock
                0x080023ee        0x2 e:/stm32new/plugins/fr.ac6.mcu.externaltools.arm-none.win32_1.17.0.201812190825/tools/compiler/bin/../lib/gcc/arm-none-eabi/7.3.1/../../../../arm-none-eabi/lib/thumb/v7-m\libc_nano.a(lib_a-mlock.o)
                0x080023ee                __malloc_unlock
 .text._read_r  0x080023f0       0x24 e:/stm32new/plugins/fr.ac6.mcu.externaltools.arm-none.win32_1.17.0.201812190825/tools/compiler/bin/../lib/gcc/arm-none-eabi/7.3.1/../../../../arm-none-eabi/lib/thumb/v7-m\libc_nano.a(lib_a-readr.o)
                0x080023f0                _read_r
 .text._sbrk    0x08002414       0x1c e:/stm32new/plugins/fr.ac6.mcu.externaltools.arm-none.win32_1.17.0.201812190825/tools/compiler/bin/../lib/gcc/arm-none-eabi/7.3.1/../../../../arm-none-eabi/lib/thumb/v7-m\libnosys.a(sbrk.o)
                0x08002414                _sbrk
 *(.glue_7)
 .glue_7        0x08002430        0x0 linker stubs
 *(.glue_7t)
 .glue_7t       0x08002430        0x0 linker stubs
 *(.eh_frame)
 .eh_frame      0x08002430        0x0 e:/stm32new/plugins/fr.ac6.mcu.externaltools.arm-none.win32_1.17.0.201812190825/tools/compiler/bin/../lib/gcc/arm-none-eabi/7.3.1/thumb/v7-m/crtbegin.o
 *(.init)
 .init          0x08002430        0x4 e:/stm32new/plugins/fr.ac6.mcu.externaltools.arm-none.win32_1.17.0.201812190825/tools/compiler/bin/../lib/gcc/arm-none-eabi/7.3.1/thumb/v7-m/crti.o
                0x08002430                _init
 .init          0x08002434        0x8 e:/stm32new/plugins/fr.ac6.mcu.externaltools.arm-none.win32_1.17.0.201812190825/tools/compiler/bin/../lib/gcc/arm-none-eabi/7.3.1/thumb/v7-m/crtn.o
 *(.fini)
 .fini          0x0800243c        0x4 e:/stm32new/plugins/fr.ac6.mcu.externaltools.arm-none.win32_1.17.0.201812190825/tools/compiler/bin/../lib/gcc/arm-none-eabi/7.3.1/thumb/v7-m/crti.o
                0x0800243c                _fini
 .fini          0x08002440        0x8 e:/stm32new/plugins/fr.ac6.mcu.externaltools.arm-none.win32_1.17.0.201812190825/tools/compiler/bin/../lib/gcc/arm-none-eabi/7.3.1/thumb/v7-m/crtn.o
                0x08002448                . = ALIGN (0x4)
                0x08002448                _etext = .

.vfp11_veneer   0x08002448        0x0
 .vfp11_veneer  0x08002448        0x0 linker stubs

.v4_bx          0x08002448        0x0
 .v4_bx         0x08002448        0x0 linker stubs

.iplt           0x08002448        0x0
 .iplt          0x08002448        0x0 e:/stm32new/plugins/fr.ac6.mcu.externaltools.arm-none.win32_1.17.0.201812190825/tools/compiler/bin/../lib/gcc/arm-none-eabi/7.3.1/thumb/v7-m/crtbegin.o

.rodata         0x08002448       0xa8
                0x08002448                . = ALIGN (0x4)
 *(.rodata)
 .rodata        0x08002448       0x24 Src/system_stm32l1xx.o
                0x08002448                PLLMulTable
                0x08002454                AHBPrescTable
                0x08002464                APBPrescTable
 *(.rodata*)
 .rodata.str1.4
                0x0800246c       0x20 Src/main.o
                                 0x1f (size before relaxing)
 .rodata._global_impure_ptr
                0x0800248c        0x4 e:/stm32new/plugins/fr.ac6.mcu.externaltools.arm-none.win32_1.17.0.201812190825/tools/compiler/bin/../lib/gcc/arm-none-eabi/7.3.1/../../../../arm-none-eabi/lib/thumb/v7-m\libc_nano.a(lib_a-impure.o)
                0x0800248c                _global_impure_ptr
 .rodata.__sf_fake_stderr
                0x08002490       0x20 e:/stm32new/plugins/fr.ac6.mcu.externaltools.arm-none.win32_1.17.0.201812190825/tools/compiler/bin/../lib/gcc/arm-none-eabi/7.3.1/../../../../arm-none-eabi/lib/thumb/v7-m\libc_nano.a(lib_a-findfp.o)
                0x08002490                __sf_fake_stderr
 .rodata.__sf_fake_stdin
                0x080024b0       0x20 e:/stm32new/plugins/fr.ac6.mcu.externaltools.arm-none.win32_1.17.0.201812190825/tools/compiler/bin/../lib/gcc/arm-none-eabi/7.3.1/../../../../arm-none-eabi/lib/thumb/v7-m\libc_nano.a(lib_a-findfp.o)
                0x080024b0                __sf_fake_stdin
 .rodata.__sf_fake_stdout
                0x080024d0       0x20 e:/stm32new/plugins/fr.ac6.mcu.externaltools.arm-none.win32_1.17.0.201812190825/tools/compiler/bin/../lib/gcc/arm-none-eabi/7.3.1/../../../../arm-none-eabi/lib/thumb/v7-m\libc_nano.a(lib_a-findfp.o)
                0x080024d0                __sf_fake_stdout
                0x080024f0                . = ALIGN (0x4)

.rel.dyn        0x080024f0        0x0
 .rel.iplt      0x080024f0        0x0 e:/stm32new/plugins/fr.ac6.mcu.externaltools.arm-none.win32_1.17.0.201812190825/tools/compiler/bin/../lib/gcc/arm-none-eabi/7.3.1/thumb/v7-m/crtbegin.o

.ARM.extab
 *(.ARM.extab* .gnu.linkonce.armextab.*)

.ARM            0x080024f0        0x0
                0x080024f0                __exidx_start = .
 *(.ARM.exidx*)
                0x080024f0                __exidx_end = .

.preinit_array  0x080024f0        0x0
                0x080024f0                PROVIDE (__preinit_array_start = .)
 *(.preinit_array*)
                0x080024f0                PROVIDE (__preinit_array_end = .)

.init_array     0x080024f0        0x4
                0x080024f0                PROVIDE (__init_array_start = .)
 *(SORT_BY_NAME(.init_array.*))
 *(.init_array*)
 .init_array    0x080024f0        0x4 e:/stm32new/plugins/fr.ac6.mcu.externaltools.arm-none.win32_1.17.0.201812190825/tools/compiler/bin/../lib/gcc/arm-none-eabi/7.3.1/thumb/v7-m/crtbegin.o
                0x080024f4                PROVIDE (__init_array_end = .)

.fini_array     0x080024f4        0x4
                [!provide]                PROVIDE (__fini_array_start = .)
 *(SORT_BY_NAME(.fini_array.*))
 *(.fini_array*)
 .fini_array    0x080024f4        0x4 e:/stm32new/plugins/fr.ac6.mcu.externaltools.arm-none.win32_1.17.0.201812190825/tools/compiler/bin/../lib/gcc/arm-none-eabi/7.3.1/thumb/v7-m/crtbegin.o
                [!provide]                PROVIDE (__fini_array_end = .)
                0x080024f8                _sidata = LOADADDR (.data)

.data           0x20000000       0x68 load address 0x080024f8
                0x20000000                . = ALIGN (0x4)
                0x20000000                _sdata = .
 *(.data)
 .data          0x20000000        0x4 Src/system_stm32l1xx.o
                0x20000000                SystemCoreClock
 *(.data*)
 .data._impure_ptr
                0x20000004        0x4 e:/stm32new/plugins/fr.ac6.mcu.externaltools.arm-none.win32_1.17.0.201812190825/tools/compiler/bin/../lib/gcc/arm-none-eabi/7.3.1/../../../../arm-none-eabi/lib/thumb/v7-m\libc_nano.a(lib_a-impure.o)
                0x20000004                _impure_ptr
 .data.impure_data
                0x20000008       0x60 e:/stm32new/plugins/fr.ac6.mcu.externaltools.arm-none.win32_1.17.0.201812190825/tools/compiler/bin/../lib/gcc/arm-none-eabi/7.3.1/../../../../arm-none-eabi/lib/thumb/v7-m\libc_nano.a(lib_a-impure.o)
                0x20000068                . = ALIGN (0x4)
                0x20000068                _edata = .

.igot.plt       0x20000068        0x0 load address 0x08002560
 .igot.plt      0x20000068        0x0 e:/stm32new/plugins/fr.ac6.mcu.externaltools.arm-none.win32_1.17.0.201812190825/tools/compiler/bin/../lib/gcc/arm-none-eabi/7.3.1/thumb/v7-m/crtbegin.o
                0x20000068                . = ALIGN (0x4)

.bss            0x20000068       0x74 load address 0x08002560
                0x20000068                _sbss = .
                0x20000068                __bss_start__ = _sbss
 *(.bss)
 .bss           0x20000068       0x1c e:/stm32new/plugins/fr.ac6.mcu.externaltools.arm-none.win32_1.17.0.201812190825/tools/compiler/bin/../lib/gcc/arm-none-eabi/7.3.1/thumb/v7-m/crtbegin.o
 *(.bss*)
 .bss.__malloc_free_list
                0x20000084        0x4 e:/stm32new/plugins/fr.ac6.mcu.externaltools.arm-none.win32_1.17.0.201812190825/tools/compiler/bin/../lib/gcc/arm-none-eabi/7.3.1/../../../../arm-none-eabi/lib/thumb/v7-m\libc_nano.a(lib_a-nano-mallocr.o)
                0x20000084                __malloc_free_list
 .bss.__malloc_sbrk_start
                0x20000088        0x4 e:/stm32new/plugins/fr.ac6.mcu.externaltools.arm-none.win32_1.17.0.201812190825/tools/compiler/bin/../lib/gcc/arm-none-eabi/7.3.1/../../../../arm-none-eabi/lib/thumb/v7-m\libc_nano.a(lib_a-nano-mallocr.o)
                0x20000088                __malloc_sbrk_start
 .bss.heap_end.4102
                0x2000008c        0x4 e:/stm32new/plugins/fr.ac6.mcu.externaltools.arm-none.win32_1.17.0.201812190825/tools/compiler/bin/../lib/gcc/arm-none-eabi/7.3.1/../../../../arm-none-eabi/lib/thumb/v7-m\libnosys.a(sbrk.o)
 *(COMMON)
 COMMON         0x20000090        0x4 Drivers/STM32L1xx_HAL_Driver/Src/stm32l1xx_hal.o
                0x20000090                uwTick
 COMMON         0x20000094       0x40 Src/main.o
                0x20000094                huart1
 COMMON         0x200000d4        0x4 Src/retarget.o
                0x200000d4                gHuart
 COMMON         0x200000d8        0x4 e:/stm32new/plugins/fr.ac6.mcu.externaltools.arm-none.win32_1.17.0.201812190825/tools/compiler/bin/../lib/gcc/arm-none-eabi/7.3.1/../../../../arm-none-eabi/lib/thumb/v7-m\libc_nano.a(lib_a-reent.o)
                0x200000d8                errno
                0x200000dc                . = ALIGN (0x4)
                0x200000dc                _ebss = .
                0x200000dc                __bss_end__ = _ebss

._user_heap_stack
                0x200000dc      0x604 load address 0x08002560
                0x200000e0                . = ALIGN (0x8)
 *fill*         0x200000dc        0x4 
                0x200000e0                PROVIDE (end = .)
                [!provide]                PROVIDE (_end = .)
                0x200002e0                . = (. + _Min_Heap_Size)
 *fill*         0x200000e0      0x200 
                0x200006e0                . = (. + _Min_Stack_Size)
 *fill*         0x200002e0      0x400 
                0x200006e0                . = ALIGN (0x8)

/DISCARD/
 libc.a(*)
 libm.a(*)
 libgcc.a(*)

.ARM.attributes
                0x00000000       0x29
 *(.ARM.attributes)
 .ARM.attributes
                0x00000000       0x1d e:/stm32new/plugins/fr.ac6.mcu.externaltools.arm-none.win32_1.17.0.201812190825/tools/compiler/bin/../lib/gcc/arm-none-eabi/7.3.1/thumb/v7-m/crti.o
 .ARM.attributes
                0x0000001d       0x2d e:/stm32new/plugins/fr.ac6.mcu.externaltools.arm-none.win32_1.17.0.201812190825/tools/compiler/bin/../lib/gcc/arm-none-eabi/7.3.1/thumb/v7-m/crtbegin.o
 .ARM.attributes
                0x0000004a       0x33 Drivers/STM32L1xx_HAL_Driver/Src/stm32l1xx_hal.o
 .ARM.attributes
                0x0000007d       0x33 Drivers/STM32L1xx_HAL_Driver/Src/stm32l1xx_hal_cortex.o
 .ARM.attributes
                0x000000b0       0x33 Drivers/STM32L1xx_HAL_Driver/Src/stm32l1xx_hal_gpio.o
 .ARM.attributes
                0x000000e3       0x33 Drivers/STM32L1xx_HAL_Driver/Src/stm32l1xx_hal_rcc.o
 .ARM.attributes
                0x00000116       0x33 Drivers/STM32L1xx_HAL_Driver/Src/stm32l1xx_hal_uart.o
 .ARM.attributes
                0x00000149       0x33 Src/main.o
 .ARM.attributes
                0x0000017c       0x33 Src/retarget.o
 .ARM.attributes
                0x000001af       0x33 Src/stm32l1xx_hal_msp.o
 .ARM.attributes
                0x000001e2       0x33 Src/stm32l1xx_it.o
 .ARM.attributes
                0x00000215       0x33 Src/system_stm32l1xx.o
 .ARM.attributes
                0x00000248       0x21 startup/startup_stm32l100xc.o
 .ARM.attributes
                0x00000269       0x2d e:/stm32new/plugins/fr.ac6.mcu.externaltools.arm-none.win32_1.17.0.201812190825/tools/compiler/bin/../lib/gcc/arm-none-eabi/7.3.1/../../../../arm-none-eabi/lib/thumb/v7-m\libc_nano.a(lib_a-errno.o)
 .ARM.attributes
                0x00000296       0x2d e:/stm32new/plugins/fr.ac6.mcu.externaltools.arm-none.win32_1.17.0.201812190825/tools/compiler/bin/../lib/gcc/arm-none-eabi/7.3.1/../../../../arm-none-eabi/lib/thumb/v7-m\libc_nano.a(lib_a-impure.o)
 .ARM.attributes
                0x000002c3       0x2d e:/stm32new/plugins/fr.ac6.mcu.externaltools.arm-none.win32_1.17.0.201812190825/tools/compiler/bin/../lib/gcc/arm-none-eabi/7.3.1/../../../../arm-none-eabi/lib/thumb/v7-m\libc_nano.a(lib_a-init.o)
 .ARM.attributes
                0x000002f0       0x2d e:/stm32new/plugins/fr.ac6.mcu.externaltools.arm-none.win32_1.17.0.201812190825/tools/compiler/bin/../lib/gcc/arm-none-eabi/7.3.1/../../../../arm-none-eabi/lib/thumb/v7-m\libc_nano.a(lib_a-memset.o)
 .ARM.attributes
                0x0000031d       0x2d e:/stm32new/plugins/fr.ac6.mcu.externaltools.arm-none.win32_1.17.0.201812190825/tools/compiler/bin/../lib/gcc/arm-none-eabi/7.3.1/../../../../arm-none-eabi/lib/thumb/v7-m\libc_nano.a(lib_a-puts.o)
 .ARM.attributes
                0x0000034a       0x2d e:/stm32new/plugins/fr.ac6.mcu.externaltools.arm-none.win32_1.17.0.201812190825/tools/compiler/bin/../lib/gcc/arm-none-eabi/7.3.1/../../../../arm-none-eabi/lib/thumb/v7-m\libc_nano.a(lib_a-setvbuf.o)
 .ARM.attributes
                0x00000377       0x2d e:/stm32new/plugins/fr.ac6.mcu.externaltools.arm-none.win32_1.17.0.201812190825/tools/compiler/bin/../lib/gcc/arm-none-eabi/7.3.1/../../../../arm-none-eabi/lib/thumb/v7-m\libc_nano.a(lib_a-wbuf.o)
 .ARM.attributes
                0x000003a4       0x2d e:/stm32new/plugins/fr.ac6.mcu.externaltools.arm-none.win32_1.17.0.201812190825/tools/compiler/bin/../lib/gcc/arm-none-eabi/7.3.1/../../../../arm-none-eabi/lib/thumb/v7-m\libc_nano.a(lib_a-wsetup.o)
 .ARM.attributes
                0x000003d1       0x2d e:/stm32new/plugins/fr.ac6.mcu.externaltools.arm-none.win32_1.17.0.201812190825/tools/compiler/bin/../lib/gcc/arm-none-eabi/7.3.1/../../../../arm-none-eabi/lib/thumb/v7-m\libc_nano.a(lib_a-fflush.o)
 .ARM.attributes
                0x000003fe       0x2d e:/stm32new/plugins/fr.ac6.mcu.externaltools.arm-none.win32_1.17.0.201812190825/tools/compiler/bin/../lib/gcc/arm-none-eabi/7.3.1/../../../../arm-none-eabi/lib/thumb/v7-m\libc_nano.a(lib_a-findfp.o)
 .ARM.attributes
                0x0000042b       0x2d e:/stm32new/plugins/fr.ac6.mcu.externaltools.arm-none.win32_1.17.0.201812190825/tools/compiler/bin/../lib/gcc/arm-none-eabi/7.3.1/../../../../arm-none-eabi/lib/thumb/v7-m\libc_nano.a(lib_a-fwalk.o)
 .ARM.attributes
                0x00000458       0x2d e:/stm32new/plugins/fr.ac6.mcu.externaltools.arm-none.win32_1.17.0.201812190825/tools/compiler/bin/../lib/gcc/arm-none-eabi/7.3.1/../../../../arm-none-eabi/lib/thumb/v7-m\libc_nano.a(lib_a-makebuf.o)
 .ARM.attributes
                0x00000485       0x2d e:/stm32new/plugins/fr.ac6.mcu.externaltools.arm-none.win32_1.17.0.201812190825/tools/compiler/bin/../lib/gcc/arm-none-eabi/7.3.1/../../../../arm-none-eabi/lib/thumb/v7-m\libc_nano.a(lib_a-malloc.o)
 .ARM.attributes
                0x000004b2       0x2d e:/stm32new/plugins/fr.ac6.mcu.externaltools.arm-none.win32_1.17.0.201812190825/tools/compiler/bin/../lib/gcc/arm-none-eabi/7.3.1/../../../../arm-none-eabi/lib/thumb/v7-m\libc_nano.a(lib_a-nano-freer.o)
 .ARM.attributes
                0x000004df       0x2d e:/stm32new/plugins/fr.ac6.mcu.externaltools.arm-none.win32_1.17.0.201812190825/tools/compiler/bin/../lib/gcc/arm-none-eabi/7.3.1/../../../../arm-none-eabi/lib/thumb/v7-m\libc_nano.a(lib_a-nano-mallocr.o)
 .ARM.attributes
                0x0000050c       0x2d e:/stm32new/plugins/fr.ac6.mcu.externaltools.arm-none.win32_1.17.0.201812190825/tools/compiler/bin/../lib/gcc/arm-none-eabi/7.3.1/../../../../arm-none-eabi/lib/thumb/v7-m\libc_nano.a(lib_a-sbrkr.o)
 .ARM.attributes
                0x00000539       0x2d e:/stm32new/plugins/fr.ac6.mcu.externaltools.arm-none.win32_1.17.0.201812190825/tools/compiler/bin/../lib/gcc/arm-none-eabi/7.3.1/../../../../arm-none-eabi/lib/thumb/v7-m\libc_nano.a(lib_a-stdio.o)
 .ARM.attributes
                0x00000566       0x2d e:/stm32new/plugins/fr.ac6.mcu.externaltools.arm-none.win32_1.17.0.201812190825/tools/compiler/bin/../lib/gcc/arm-none-eabi/7.3.1/../../../../arm-none-eabi/lib/thumb/v7-m\libc_nano.a(lib_a-writer.o)
 .ARM.attributes
                0x00000593       0x2d e:/stm32new/plugins/fr.ac6.mcu.externaltools.arm-none.win32_1.17.0.201812190825/tools/compiler/bin/../lib/gcc/arm-none-eabi/7.3.1/../../../../arm-none-eabi/lib/thumb/v7-m\libc_nano.a(lib_a-closer.o)
 .ARM.attributes
                0x000005c0       0x2d e:/stm32new/plugins/fr.ac6.mcu.externaltools.arm-none.win32_1.17.0.201812190825/tools/compiler/bin/../lib/gcc/arm-none-eabi/7.3.1/../../../../arm-none-eabi/lib/thumb/v7-m\libc_nano.a(lib_a-fstatr.o)
 .ARM.attributes
                0x000005ed       0x2d e:/stm32new/plugins/fr.ac6.mcu.externaltools.arm-none.win32_1.17.0.201812190825/tools/compiler/bin/../lib/gcc/arm-none-eabi/7.3.1/../../../../arm-none-eabi/lib/thumb/v7-m\libc_nano.a(lib_a-isattyr.o)
 .ARM.attributes
                0x0000061a       0x2d e:/stm32new/plugins/fr.ac6.mcu.externaltools.arm-none.win32_1.17.0.201812190825/tools/compiler/bin/../lib/gcc/arm-none-eabi/7.3.1/../../../../arm-none-eabi/lib/thumb/v7-m\libc_nano.a(lib_a-lseekr.o)
 .ARM.attributes
                0x00000647       0x2d e:/stm32new/plugins/fr.ac6.mcu.externaltools.arm-none.win32_1.17.0.201812190825/tools/compiler/bin/../lib/gcc/arm-none-eabi/7.3.1/../../../../arm-none-eabi/lib/thumb/v7-m\libc_nano.a(lib_a-mlock.o)
 .ARM.attributes
                0x00000674       0x2d e:/stm32new/plugins/fr.ac6.mcu.externaltools.arm-none.win32_1.17.0.201812190825/tools/compiler/bin/../lib/gcc/arm-none-eabi/7.3.1/../../../../arm-none-eabi/lib/thumb/v7-m\libc_nano.a(lib_a-readr.o)
 .ARM.attributes
                0x000006a1       0x2d e:/stm32new/plugins/fr.ac6.mcu.externaltools.arm-none.win32_1.17.0.201812190825/tools/compiler/bin/../lib/gcc/arm-none-eabi/7.3.1/../../../../arm-none-eabi/lib/thumb/v7-m\libc_nano.a(lib_a-reent.o)
 .ARM.attributes
                0x000006ce       0x2d e:/stm32new/plugins/fr.ac6.mcu.externaltools.arm-none.win32_1.17.0.201812190825/tools/compiler/bin/../lib/gcc/arm-none-eabi/7.3.1/../../../../arm-none-eabi/lib/thumb/v7-m\libnosys.a(sbrk.o)
 .ARM.attributes
                0x000006fb       0x1d e:/stm32new/plugins/fr.ac6.mcu.externaltools.arm-none.win32_1.17.0.201812190825/tools/compiler/bin/../lib/gcc/arm-none-eabi/7.3.1/thumb/v7-m/crtn.o
OUTPUT(stm32_USART.elf elf32-littlearm)

.debug_info     0x00000000     0xba89
 .debug_info    0x00000000      0xec4 Drivers/STM32L1xx_HAL_Driver/Src/stm32l1xx_hal.o
 .debug_info    0x00000ec4     0x16d2 Drivers/STM32L1xx_HAL_Driver/Src/stm32l1xx_hal_cortex.o
 .debug_info    0x00002596      0xea7 Drivers/STM32L1xx_HAL_Driver/Src/stm32l1xx_hal_gpio.o
 .debug_info    0x0000343d     0x1ec3 Drivers/STM32L1xx_HAL_Driver/Src/stm32l1xx_hal_rcc.o
 .debug_info    0x00005300     0x1a29 Drivers/STM32L1xx_HAL_Driver/Src/stm32l1xx_hal_uart.o
 .debug_info    0x00006d29     0x13f7 Src/main.o
 .debug_info    0x00008120     0x122e Src/retarget.o
 .debug_info    0x0000934e     0x1094 Src/stm32l1xx_hal_msp.o
 .debug_info    0x0000a3e2      0xa0f Src/stm32l1xx_it.o
 .debug_info    0x0000adf1      0xc76 Src/system_stm32l1xx.o
 .debug_info    0x0000ba67       0x22 startup/startup_stm32l100xc.o

.debug_abbrev   0x00000000     0x1af4
 .debug_abbrev  0x00000000      0x2c9 Drivers/STM32L1xx_HAL_Driver/Src/stm32l1xx_hal.o
 .debug_abbrev  0x000002c9      0x3ba Drivers/STM32L1xx_HAL_Driver/Src/stm32l1xx_hal_cortex.o
 .debug_abbrev  0x00000683      0x2a7 Drivers/STM32L1xx_HAL_Driver/Src/stm32l1xx_hal_gpio.o
 .debug_abbrev  0x0000092a      0x352 Drivers/STM32L1xx_HAL_Driver/Src/stm32l1xx_hal_rcc.o
 .debug_abbrev  0x00000c7c      0x2fd Drivers/STM32L1xx_HAL_Driver/Src/stm32l1xx_hal_uart.o
 .debug_abbrev  0x00000f79      0x2c4 Src/main.o
 .debug_abbrev  0x0000123d      0x28c Src/retarget.o
 .debug_abbrev  0x000014c9      0x22d Src/stm32l1xx_hal_msp.o
 .debug_abbrev  0x000016f6      0x1e7 Src/stm32l1xx_it.o
 .debug_abbrev  0x000018dd      0x205 Src/system_stm32l1xx.o
 .debug_abbrev  0x00001ae2       0x12 startup/startup_stm32l100xc.o

.debug_loc      0x00000000     0x2c6f
 .debug_loc     0x00000000       0x6a Drivers/STM32L1xx_HAL_Driver/Src/stm32l1xx_hal.o
 .debug_loc     0x0000006a      0x5ce Drivers/STM32L1xx_HAL_Driver/Src/stm32l1xx_hal_cortex.o
 .debug_loc     0x00000638      0x38d Drivers/STM32L1xx_HAL_Driver/Src/stm32l1xx_hal_gpio.o
 .debug_loc     0x000009c5      0xb22 Drivers/STM32L1xx_HAL_Driver/Src/stm32l1xx_hal_rcc.o
 .debug_loc     0x000014e7     0x1268 Drivers/STM32L1xx_HAL_Driver/Src/stm32l1xx_hal_uart.o
 .debug_loc     0x0000274f      0x31d Src/retarget.o
 .debug_loc     0x00002a6c       0x74 Src/stm32l1xx_hal_msp.o
 .debug_loc     0x00002ae0      0x18f Src/system_stm32l1xx.o

.debug_aranges  0x00000000      0x500
 .debug_aranges
                0x00000000       0xb0 Drivers/STM32L1xx_HAL_Driver/Src/stm32l1xx_hal.o
 .debug_aranges
                0x000000b0       0xa8 Drivers/STM32L1xx_HAL_Driver/Src/stm32l1xx_hal_cortex.o
 .debug_aranges
                0x00000158       0x58 Drivers/STM32L1xx_HAL_Driver/Src/stm32l1xx_hal_gpio.o
 .debug_aranges
                0x000001b0       0x90 Drivers/STM32L1xx_HAL_Driver/Src/stm32l1xx_hal_rcc.o
 .debug_aranges
                0x00000240      0x150 Drivers/STM32L1xx_HAL_Driver/Src/stm32l1xx_hal_uart.o
 .debug_aranges
                0x00000390       0x40 Src/main.o
 .debug_aranges
                0x000003d0       0x50 Src/retarget.o
 .debug_aranges
                0x00000420       0x30 Src/stm32l1xx_hal_msp.o
 .debug_aranges
                0x00000450       0x60 Src/stm32l1xx_it.o
 .debug_aranges
                0x000004b0       0x28 Src/system_stm32l1xx.o
 .debug_aranges
                0x000004d8       0x28 startup/startup_stm32l100xc.o

.debug_ranges   0x00000000      0x4d0
 .debug_ranges  0x00000000       0xa0 Drivers/STM32L1xx_HAL_Driver/Src/stm32l1xx_hal.o
 .debug_ranges  0x000000a0       0xf8 Drivers/STM32L1xx_HAL_Driver/Src/stm32l1xx_hal_cortex.o
 .debug_ranges  0x00000198       0x48 Drivers/STM32L1xx_HAL_Driver/Src/stm32l1xx_hal_gpio.o
 .debug_ranges  0x000001e0       0x98 Drivers/STM32L1xx_HAL_Driver/Src/stm32l1xx_hal_rcc.o
 .debug_ranges  0x00000278      0x140 Drivers/STM32L1xx_HAL_Driver/Src/stm32l1xx_hal_uart.o
 .debug_ranges  0x000003b8       0x30 Src/main.o
 .debug_ranges  0x000003e8       0x40 Src/retarget.o
 .debug_ranges  0x00000428       0x20 Src/stm32l1xx_hal_msp.o
 .debug_ranges  0x00000448       0x50 Src/stm32l1xx_it.o
 .debug_ranges  0x00000498       0x18 Src/system_stm32l1xx.o
 .debug_ranges  0x000004b0       0x20 startup/startup_stm32l100xc.o

.debug_macro    0x00000000    0x16087
 .debug_macro   0x00000000      0x2f9 Drivers/STM32L1xx_HAL_Driver/Src/stm32l1xx_hal.o
 .debug_macro   0x000002f9      0xa60 Drivers/STM32L1xx_HAL_Driver/Src/stm32l1xx_hal.o
 .debug_macro   0x00000d59       0x88 Drivers/STM32L1xx_HAL_Driver/Src/stm32l1xx_hal.o
 .debug_macro   0x00000de1       0x2e Drivers/STM32L1xx_HAL_Driver/Src/stm32l1xx_hal.o
 .debug_macro   0x00000e0f       0x22 Drivers/STM32L1xx_HAL_Driver/Src/stm32l1xx_hal.o
 .debug_macro   0x00000e31       0x22 Drivers/STM32L1xx_HAL_Driver/Src/stm32l1xx_hal.o
 .debug_macro   0x00000e53       0x8e Drivers/STM32L1xx_HAL_Driver/Src/stm32l1xx_hal.o
 .debug_macro   0x00000ee1       0x51 Drivers/STM32L1xx_HAL_Driver/Src/stm32l1xx_hal.o
 .debug_macro   0x00000f32       0xef Drivers/STM32L1xx_HAL_Driver/Src/stm32l1xx_hal.o
 .debug_macro   0x00001021       0x6a Drivers/STM32L1xx_HAL_Driver/Src/stm32l1xx_hal.o
 .debug_macro   0x0000108b      0x1df Drivers/STM32L1xx_HAL_Driver/Src/stm32l1xx_hal.o
 .debug_macro   0x0000126a       0x34 Drivers/STM32L1xx_HAL_Driver/Src/stm32l1xx_hal.o
 .debug_macro   0x0000129e       0x34 Drivers/STM32L1xx_HAL_Driver/Src/stm32l1xx_hal.o
 .debug_macro   0x000012d2      0xcb4 Drivers/STM32L1xx_HAL_Driver/Src/stm32l1xx_hal.o
 .debug_macro   0x00001f86     0xb5cc Drivers/STM32L1xx_HAL_Driver/Src/stm32l1xx_hal.o
 .debug_macro   0x0000d552       0x43 Drivers/STM32L1xx_HAL_Driver/Src/stm32l1xx_hal.o
 .debug_macro   0x0000d595     0x342b Drivers/STM32L1xx_HAL_Driver/Src/stm32l1xx_hal.o
 .debug_macro   0x000109c0       0x5e Drivers/STM32L1xx_HAL_Driver/Src/stm32l1xx_hal.o
 .debug_macro   0x00010a1e       0x18 Drivers/STM32L1xx_HAL_Driver/Src/stm32l1xx_hal.o
 .debug_macro   0x00010a36       0x35 Drivers/STM32L1xx_HAL_Driver/Src/stm32l1xx_hal.o
 .debug_macro   0x00010a6b       0x34 Drivers/STM32L1xx_HAL_Driver/Src/stm32l1xx_hal.o
 .debug_macro   0x00010a9f       0x16 Drivers/STM32L1xx_HAL_Driver/Src/stm32l1xx_hal.o
 .debug_macro   0x00010ab5       0x97 Drivers/STM32L1xx_HAL_Driver/Src/stm32l1xx_hal.o
 .debug_macro   0x00010b4c      0x330 Drivers/STM32L1xx_HAL_Driver/Src/stm32l1xx_hal.o
 .debug_macro   0x00010e7c       0xfd Drivers/STM32L1xx_HAL_Driver/Src/stm32l1xx_hal.o
 .debug_macro   0x00010f79       0x10 Drivers/STM32L1xx_HAL_Driver/Src/stm32l1xx_hal.o
 .debug_macro   0x00010f89       0x58 Drivers/STM32L1xx_HAL_Driver/Src/stm32l1xx_hal.o
 .debug_macro   0x00010fe1       0x1f Drivers/STM32L1xx_HAL_Driver/Src/stm32l1xx_hal.o
 .debug_macro   0x00011000       0x43 Drivers/STM32L1xx_HAL_Driver/Src/stm32l1xx_hal.o
 .debug_macro   0x00011043       0x20 Drivers/STM32L1xx_HAL_Driver/Src/stm32l1xx_hal.o
 .debug_macro   0x00011063      0x18e Drivers/STM32L1xx_HAL_Driver/Src/stm32l1xx_hal.o
 .debug_macro   0x000111f1       0x10 Drivers/STM32L1xx_HAL_Driver/Src/stm32l1xx_hal.o
 .debug_macro   0x00011201       0x1c Drivers/STM32L1xx_HAL_Driver/Src/stm32l1xx_hal.o
 .debug_macro   0x0001121d       0x52 Drivers/STM32L1xx_HAL_Driver/Src/stm32l1xx_hal.o
 .debug_macro   0x0001126f       0x40 Drivers/STM32L1xx_HAL_Driver/Src/stm32l1xx_hal.o
 .debug_macro   0x000112af       0x10 Drivers/STM32L1xx_HAL_Driver/Src/stm32l1xx_hal.o
 .debug_macro   0x000112bf       0x40 Drivers/STM32L1xx_HAL_Driver/Src/stm32l1xx_hal.o
 .debug_macro   0x000112ff       0xd7 Drivers/STM32L1xx_HAL_Driver/Src/stm32l1xx_hal.o
 .debug_macro   0x000113d6       0x1c Drivers/STM32L1xx_HAL_Driver/Src/stm32l1xx_hal.o
 .debug_macro   0x000113f2       0x3d Drivers/STM32L1xx_HAL_Driver/Src/stm32l1xx_hal.o
 .debug_macro   0x0001142f       0x16 Drivers/STM32L1xx_HAL_Driver/Src/stm32l1xx_hal.o
 .debug_macro   0x00011445      0x16f Drivers/STM32L1xx_HAL_Driver/Src/stm32l1xx_hal.o
 .debug_macro   0x000115b4       0x50 Drivers/STM32L1xx_HAL_Driver/Src/stm32l1xx_hal.o
 .debug_macro   0x00011604      0xe3e Drivers/STM32L1xx_HAL_Driver/Src/stm32l1xx_hal.o
 .debug_macro   0x00012442      0x179 Drivers/STM32L1xx_HAL_Driver/Src/stm32l1xx_hal.o
 .debug_macro   0x000125bb      0x141 Drivers/STM32L1xx_HAL_Driver/Src/stm32l1xx_hal.o
 .debug_macro   0x000126fc       0xb4 Drivers/STM32L1xx_HAL_Driver/Src/stm32l1xx_hal.o
 .debug_macro   0x000127b0      0x25d Drivers/STM32L1xx_HAL_Driver/Src/stm32l1xx_hal.o
 .debug_macro   0x00012a0d      0x23a Drivers/STM32L1xx_HAL_Driver/Src/stm32l1xx_hal.o
 .debug_macro   0x00012c47      0x11a Drivers/STM32L1xx_HAL_Driver/Src/stm32l1xx_hal.o
 .debug_macro   0x00012d61      0x36d Drivers/STM32L1xx_HAL_Driver/Src/stm32l1xx_hal.o
 .debug_macro   0x000130ce      0x1ed Drivers/STM32L1xx_HAL_Driver/Src/stm32l1xx_hal.o
 .debug_macro   0x000132bb       0x1c Drivers/STM32L1xx_HAL_Driver/Src/stm32l1xx_hal.o
 .debug_macro   0x000132d7      0x287 Drivers/STM32L1xx_HAL_Driver/Src/stm32l1xx_hal.o
 .debug_macro   0x0001355e      0x3c1 Drivers/STM32L1xx_HAL_Driver/Src/stm32l1xx_hal.o
 .debug_macro   0x0001391f      0x2d5 Drivers/STM32L1xx_HAL_Driver/Src/stm32l1xx_hal_cortex.o
 .debug_macro   0x00013bf4      0x30e Drivers/STM32L1xx_HAL_Driver/Src/stm32l1xx_hal_gpio.o
 .debug_macro   0x00013f02      0x311 Drivers/STM32L1xx_HAL_Driver/Src/stm32l1xx_hal_rcc.o
 .debug_macro   0x00014213      0x2d6 Drivers/STM32L1xx_HAL_Driver/Src/stm32l1xx_hal_uart.o
 .debug_macro   0x000144e9      0x32c Src/main.o
 .debug_macro   0x00014815       0x7c Src/main.o
 .debug_macro   0x00014891       0x16 Src/main.o
 .debug_macro   0x000148a7       0x35 Src/main.o
 .debug_macro   0x000148dc       0x10 Src/main.o
 .debug_macro   0x000148ec       0x10 Src/main.o
 .debug_macro   0x000148fc       0x35 Src/main.o
 .debug_macro   0x00014931      0x122 Src/main.o
 .debug_macro   0x00014a53      0x3a1 Src/retarget.o
 .debug_macro   0x00014df4       0x58 Src/retarget.o
 .debug_macro   0x00014e4c       0x94 Src/retarget.o
 .debug_macro   0x00014ee0       0x1c Src/retarget.o
 .debug_macro   0x00014efc       0x10 Src/retarget.o
 .debug_macro   0x00014f0c      0x174 Src/retarget.o
 .debug_macro   0x00015080       0x57 Src/retarget.o
 .debug_macro   0x000150d7      0x23b Src/retarget.o
 .debug_macro   0x00015312       0x82 Src/retarget.o
 .debug_macro   0x00015394       0x10 Src/retarget.o
 .debug_macro   0x000153a4       0x2b Src/retarget.o
 .debug_macro   0x000153cf      0x118 Src/retarget.o
 .debug_macro   0x000154e7      0x189 Src/retarget.o
 .debug_macro   0x00015670       0x16 Src/retarget.o
 .debug_macro   0x00015686       0x1c Src/retarget.o
 .debug_macro   0x000156a2       0x10 Src/retarget.o
 .debug_macro   0x000156b2      0x128 Src/retarget.o
 .debug_macro   0x000157da      0x2e4 Src/stm32l1xx_hal_msp.o
 .debug_macro   0x00015abe      0x2ee Src/stm32l1xx_it.o
 .debug_macro   0x00015dac      0x2db Src/system_stm32l1xx.o

.debug_line     0x00000000     0x5adb
 .debug_line    0x00000000      0x848 Drivers/STM32L1xx_HAL_Driver/Src/stm32l1xx_hal.o
 .debug_line    0x00000848      0x924 Drivers/STM32L1xx_HAL_Driver/Src/stm32l1xx_hal_cortex.o
 .debug_line    0x0000116c      0x844 Drivers/STM32L1xx_HAL_Driver/Src/stm32l1xx_hal_gpio.o
 .debug_line    0x000019b0      0xcf5 Drivers/STM32L1xx_HAL_Driver/Src/stm32l1xx_hal_rcc.o
 .debug_line    0x000026a5      0xdc2 Drivers/STM32L1xx_HAL_Driver/Src/stm32l1xx_hal_uart.o
 .debug_line    0x00003467      0x7a3 Src/main.o
 .debug_line    0x00003c0a      0x8a2 Src/retarget.o
 .debug_line    0x000044ac      0x726 Src/stm32l1xx_hal_msp.o
 .debug_line    0x00004bd2      0x77b Src/stm32l1xx_it.o
 .debug_line    0x0000534d      0x711 Src/system_stm32l1xx.o
 .debug_line    0x00005a5e       0x7d startup/startup_stm32l100xc.o

.debug_str      0x00000000    0x7f793
 .debug_str     0x00000000    0x7ccbe Drivers/STM32L1xx_HAL_Driver/Src/stm32l1xx_hal.o
                              0x7d05a (size before relaxing)
 .debug_str     0x0007ccbe      0x3e0 Drivers/STM32L1xx_HAL_Driver/Src/stm32l1xx_hal_cortex.o
                              0x7d1a5 (size before relaxing)
 .debug_str     0x0007d09e      0x29a Drivers/STM32L1xx_HAL_Driver/Src/stm32l1xx_hal_gpio.o
                              0x7cc48 (size before relaxing)
 .debug_str     0x0007d338      0x547 Drivers/STM32L1xx_HAL_Driver/Src/stm32l1xx_hal_rcc.o
                              0x7cfbf (size before relaxing)
 .debug_str     0x0007d87f      0x6ee Drivers/STM32L1xx_HAL_Driver/Src/stm32l1xx_hal_uart.o
                              0x7d0e9 (size before relaxing)
 .debug_str     0x0007df6d      0x7b1 Src/main.o
                              0x7d6d7 (size before relaxing)
 .debug_str     0x0007e71e      0xf01 Src/retarget.o
                              0x7e1c4 (size before relaxing)
 .debug_str     0x0007f61f       0x1b Src/stm32l1xx_hal_msp.o
                              0x7cfa3 (size before relaxing)
 .debug_str     0x0007f63a       0xb8 Src/stm32l1xx_it.o
                              0x7cb90 (size before relaxing)
 .debug_str     0x0007f6f2       0x72 Src/system_stm32l1xx.o
                              0x7ca1f (size before relaxing)
 .debug_str     0x0007f764       0x2f startup/startup_stm32l100xc.o
                                 0x50 (size before relaxing)

.comment        0x00000000       0x7f
 .comment       0x00000000       0x7f Drivers/STM32L1xx_HAL_Driver/Src/stm32l1xx_hal.o
                                 0x80 (size before relaxing)
 .comment       0x0000007f       0x80 Drivers/STM32L1xx_HAL_Driver/Src/stm32l1xx_hal_cortex.o
 .comment       0x0000007f       0x80 Drivers/STM32L1xx_HAL_Driver/Src/stm32l1xx_hal_gpio.o
 .comment       0x0000007f       0x80 Drivers/STM32L1xx_HAL_Driver/Src/stm32l1xx_hal_rcc.o
 .comment       0x0000007f       0x80 Drivers/STM32L1xx_HAL_Driver/Src/stm32l1xx_hal_uart.o
 .comment       0x0000007f       0x80 Src/main.o
 .comment       0x0000007f       0x80 Src/retarget.o
 .comment       0x0000007f       0x80 Src/stm32l1xx_hal_msp.o
 .comment       0x0000007f       0x80 Src/stm32l1xx_it.o
 .comment       0x0000007f       0x80 Src/system_stm32l1xx.o

.debug_frame    0x00000000     0x1198
 .debug_frame   0x00000000      0x168 Drivers/STM32L1xx_HAL_Driver/Src/stm32l1xx_hal.o
 .debug_frame   0x00000168      0x15c Drivers/STM32L1xx_HAL_Driver/Src/stm32l1xx_hal_cortex.o
 .debug_frame   0x000002c4       0xec Drivers/STM32L1xx_HAL_Driver/Src/stm32l1xx_hal_gpio.o
 .debug_frame   0x000003b0      0x168 Drivers/STM32L1xx_HAL_Driver/Src/stm32l1xx_hal_rcc.o
 .debug_frame   0x00000518      0x380 Drivers/STM32L1xx_HAL_Driver/Src/stm32l1xx_hal_uart.o
 .debug_frame   0x00000898       0x94 Src/main.o
 .debug_frame   0x0000092c       0xb8 Src/retarget.o
 .debug_frame   0x000009e4       0x64 Src/stm32l1xx_hal_msp.o
 .debug_frame   0x00000a48       0xa8 Src/stm32l1xx_it.o
 .debug_frame   0x00000af0       0x30 Src/system_stm32l1xx.o
 .debug_frame   0x00000b20       0x20 e:/stm32new/plugins/fr.ac6.mcu.externaltools.arm-none.win32_1.17.0.201812190825/tools/compiler/bin/../lib/gcc/arm-none-eabi/7.3.1/../../../../arm-none-eabi/lib/thumb/v7-m\libc_nano.a(lib_a-errno.o)
 .debug_frame   0x00000b40       0x2c e:/stm32new/plugins/fr.ac6.mcu.externaltools.arm-none.win32_1.17.0.201812190825/tools/compiler/bin/../lib/gcc/arm-none-eabi/7.3.1/../../../../arm-none-eabi/lib/thumb/v7-m\libc_nano.a(lib_a-init.o)
 .debug_frame   0x00000b6c       0x20 e:/stm32new/plugins/fr.ac6.mcu.externaltools.arm-none.win32_1.17.0.201812190825/tools/compiler/bin/../lib/gcc/arm-none-eabi/7.3.1/../../../../arm-none-eabi/lib/thumb/v7-m\libc_nano.a(lib_a-memset.o)
 .debug_frame   0x00000b8c       0x3c e:/stm32new/plugins/fr.ac6.mcu.externaltools.arm-none.win32_1.17.0.201812190825/tools/compiler/bin/../lib/gcc/arm-none-eabi/7.3.1/../../../../arm-none-eabi/lib/thumb/v7-m\libc_nano.a(lib_a-puts.o)
 .debug_frame   0x00000bc8       0x38 e:/stm32new/plugins/fr.ac6.mcu.externaltools.arm-none.win32_1.17.0.201812190825/tools/compiler/bin/../lib/gcc/arm-none-eabi/7.3.1/../../../../arm-none-eabi/lib/thumb/v7-m\libc_nano.a(lib_a-setvbuf.o)
 .debug_frame   0x00000c00       0x40 e:/stm32new/plugins/fr.ac6.mcu.externaltools.arm-none.win32_1.17.0.201812190825/tools/compiler/bin/../lib/gcc/arm-none-eabi/7.3.1/../../../../arm-none-eabi/lib/thumb/v7-m\libc_nano.a(lib_a-wbuf.o)
 .debug_frame   0x00000c40       0x2c e:/stm32new/plugins/fr.ac6.mcu.externaltools.arm-none.win32_1.17.0.201812190825/tools/compiler/bin/../lib/gcc/arm-none-eabi/7.3.1/../../../../arm-none-eabi/lib/thumb/v7-m\libc_nano.a(lib_a-wsetup.o)
 .debug_frame   0x00000c6c       0x68 e:/stm32new/plugins/fr.ac6.mcu.externaltools.arm-none.win32_1.17.0.201812190825/tools/compiler/bin/../lib/gcc/arm-none-eabi/7.3.1/../../../../arm-none-eabi/lib/thumb/v7-m\libc_nano.a(lib_a-fflush.o)
 .debug_frame   0x00000cd4      0x11c e:/stm32new/plugins/fr.ac6.mcu.externaltools.arm-none.win32_1.17.0.201812190825/tools/compiler/bin/../lib/gcc/arm-none-eabi/7.3.1/../../../../arm-none-eabi/lib/thumb/v7-m\libc_nano.a(lib_a-findfp.o)
 .debug_frame   0x00000df0       0x54 e:/stm32new/plugins/fr.ac6.mcu.externaltools.arm-none.win32_1.17.0.201812190825/tools/compiler/bin/../lib/gcc/arm-none-eabi/7.3.1/../../../../arm-none-eabi/lib/thumb/v7-m\libc_nano.a(lib_a-fwalk.o)
 .debug_frame   0x00000e44       0x58 e:/stm32new/plugins/fr.ac6.mcu.externaltools.arm-none.win32_1.17.0.201812190825/tools/compiler/bin/../lib/gcc/arm-none-eabi/7.3.1/../../../../arm-none-eabi/lib/thumb/v7-m\libc_nano.a(lib_a-makebuf.o)
 .debug_frame   0x00000e9c       0x30 e:/stm32new/plugins/fr.ac6.mcu.externaltools.arm-none.win32_1.17.0.201812190825/tools/compiler/bin/../lib/gcc/arm-none-eabi/7.3.1/../../../../arm-none-eabi/lib/thumb/v7-m\libc_nano.a(lib_a-malloc.o)
 .debug_frame   0x00000ecc       0x38 e:/stm32new/plugins/fr.ac6.mcu.externaltools.arm-none.win32_1.17.0.201812190825/tools/compiler/bin/../lib/gcc/arm-none-eabi/7.3.1/../../../../arm-none-eabi/lib/thumb/v7-m\libc_nano.a(lib_a-nano-freer.o)
 .debug_frame   0x00000f04       0x2c e:/stm32new/plugins/fr.ac6.mcu.externaltools.arm-none.win32_1.17.0.201812190825/tools/compiler/bin/../lib/gcc/arm-none-eabi/7.3.1/../../../../arm-none-eabi/lib/thumb/v7-m\libc_nano.a(lib_a-nano-mallocr.o)
 .debug_frame   0x00000f30       0x2c e:/stm32new/plugins/fr.ac6.mcu.externaltools.arm-none.win32_1.17.0.201812190825/tools/compiler/bin/../lib/gcc/arm-none-eabi/7.3.1/../../../../arm-none-eabi/lib/thumb/v7-m\libc_nano.a(lib_a-sbrkr.o)
 .debug_frame   0x00000f5c       0x88 e:/stm32new/plugins/fr.ac6.mcu.externaltools.arm-none.win32_1.17.0.201812190825/tools/compiler/bin/../lib/gcc/arm-none-eabi/7.3.1/../../../../arm-none-eabi/lib/thumb/v7-m\libc_nano.a(lib_a-stdio.o)
 .debug_frame   0x00000fe4       0x2c e:/stm32new/plugins/fr.ac6.mcu.externaltools.arm-none.win32_1.17.0.201812190825/tools/compiler/bin/../lib/gcc/arm-none-eabi/7.3.1/../../../../arm-none-eabi/lib/thumb/v7-m\libc_nano.a(lib_a-writer.o)
 .debug_frame   0x00001010       0x2c e:/stm32new/plugins/fr.ac6.mcu.externaltools.arm-none.win32_1.17.0.201812190825/tools/compiler/bin/../lib/gcc/arm-none-eabi/7.3.1/../../../../arm-none-eabi/lib/thumb/v7-m\libc_nano.a(lib_a-closer.o)
 .debug_frame   0x0000103c       0x2c e:/stm32new/plugins/fr.ac6.mcu.externaltools.arm-none.win32_1.17.0.201812190825/tools/compiler/bin/../lib/gcc/arm-none-eabi/7.3.1/../../../../arm-none-eabi/lib/thumb/v7-m\libc_nano.a(lib_a-fstatr.o)
 .debug_frame   0x00001068       0x2c e:/stm32new/plugins/fr.ac6.mcu.externaltools.arm-none.win32_1.17.0.201812190825/tools/compiler/bin/../lib/gcc/arm-none-eabi/7.3.1/../../../../arm-none-eabi/lib/thumb/v7-m\libc_nano.a(lib_a-isattyr.o)
 .debug_frame   0x00001094       0x2c e:/stm32new/plugins/fr.ac6.mcu.externaltools.arm-none.win32_1.17.0.201812190825/tools/compiler/bin/../lib/gcc/arm-none-eabi/7.3.1/../../../../arm-none-eabi/lib/thumb/v7-m\libc_nano.a(lib_a-lseekr.o)
 .debug_frame   0x000010c0       0x30 e:/stm32new/plugins/fr.ac6.mcu.externaltools.arm-none.win32_1.17.0.201812190825/tools/compiler/bin/../lib/gcc/arm-none-eabi/7.3.1/../../../../arm-none-eabi/lib/thumb/v7-m\libc_nano.a(lib_a-mlock.o)
 .debug_frame   0x000010f0       0x2c e:/stm32new/plugins/fr.ac6.mcu.externaltools.arm-none.win32_1.17.0.201812190825/tools/compiler/bin/../lib/gcc/arm-none-eabi/7.3.1/../../../../arm-none-eabi/lib/thumb/v7-m\libc_nano.a(lib_a-readr.o)
 .debug_frame   0x0000111c       0x5c e:/stm32new/plugins/fr.ac6.mcu.externaltools.arm-none.win32_1.17.0.201812190825/tools/compiler/bin/../lib/gcc/arm-none-eabi/7.3.1/../../../../arm-none-eabi/lib/thumb/v7-m\libc_nano.a(lib_a-reent.o)
 .debug_frame   0x00001178       0x20 e:/stm32new/plugins/fr.ac6.mcu.externaltools.arm-none.win32_1.17.0.201812190825/tools/compiler/bin/../lib/gcc/arm-none-eabi/7.3.1/../../../../arm-none-eabi/lib/thumb/v7-m\libnosys.a(sbrk.o)
